Archive member included to satisfy reference by file (symbol)

./libopencm3//lib/libopencm3_stm32f1.a(gpio.o)
                              main.o (gpio_set_mode)
./libopencm3//lib/libopencm3_stm32f1.a(rcc.o)
                              main.o (rcc_clock_setup_in_hse_8mhz_out_72mhz)
./libopencm3//lib/libopencm3_stm32f1.a(gpio_common_all.o)
                              main.o (gpio_set)
./libopencm3//lib/libopencm3_stm32f1.a(timer_common_all.o)
                              main.o (timer_enable_irq)
./libopencm3//lib/libopencm3_stm32f1.a(rcc_common_all.o)
                              main.o (rcc_periph_clock_enable)
./libopencm3//lib/libopencm3_stm32f1.a(flash_common_all.o)
                              ./libopencm3//lib/libopencm3_stm32f1.a(rcc.o) (flash_set_ws)
./libopencm3//lib/libopencm3_stm32f1.a(vector.o)
                              (reset_handler)
./libopencm3//lib/libopencm3_stm32f1.a(nvic.o)
                              main.o (nvic_enable_irq)
./libopencm3//lib/libopencm3_stm32f1.a(assert.o)
                              ./libopencm3//lib/libopencm3_stm32f1.a(rcc.o) (cm3_assert_failed)
/Users/assetmalik/opt/gnu-mcu-eclipse/arm-none-eabi-gcc/7.3.1-1.1-20180724-0637/bin/../lib/gcc/arm-none-eabi/7.3.1/thumb/v7-m/libgcc.a(unwind-arm.o)
                              main.o (__aeabi_unwind_cpp_pr0)
/Users/assetmalik/opt/gnu-mcu-eclipse/arm-none-eabi-gcc/7.3.1-1.1-20180724-0637/bin/../lib/gcc/arm-none-eabi/7.3.1/thumb/v7-m/libgcc.a(libunwind.o)
                              /Users/assetmalik/opt/gnu-mcu-eclipse/arm-none-eabi-gcc/7.3.1-1.1-20180724-0637/bin/../lib/gcc/arm-none-eabi/7.3.1/thumb/v7-m/libgcc.a(unwind-arm.o) (restore_core_regs)
/Users/assetmalik/opt/gnu-mcu-eclipse/arm-none-eabi-gcc/7.3.1-1.1-20180724-0637/bin/../lib/gcc/arm-none-eabi/7.3.1/thumb/v7-m/libgcc.a(pr-support.o)
                              /Users/assetmalik/opt/gnu-mcu-eclipse/arm-none-eabi-gcc/7.3.1-1.1-20180724-0637/bin/../lib/gcc/arm-none-eabi/7.3.1/thumb/v7-m/libgcc.a(unwind-arm.o) (__gnu_unwind_execute)
/Users/assetmalik/opt/gnu-mcu-eclipse/arm-none-eabi-gcc/7.3.1-1.1-20180724-0637/bin/../lib/gcc/arm-none-eabi/7.3.1/../../../../arm-none-eabi/lib/thumb/v7-m/libc.a(lib_a-abort.o)
                              /Users/assetmalik/opt/gnu-mcu-eclipse/arm-none-eabi-gcc/7.3.1-1.1-20180724-0637/bin/../lib/gcc/arm-none-eabi/7.3.1/thumb/v7-m/libgcc.a(unwind-arm.o) (abort)
/Users/assetmalik/opt/gnu-mcu-eclipse/arm-none-eabi-gcc/7.3.1-1.1-20180724-0637/bin/../lib/gcc/arm-none-eabi/7.3.1/../../../../arm-none-eabi/lib/thumb/v7-m/libc.a(lib_a-memcpy.o)
                              /Users/assetmalik/opt/gnu-mcu-eclipse/arm-none-eabi-gcc/7.3.1-1.1-20180724-0637/bin/../lib/gcc/arm-none-eabi/7.3.1/thumb/v7-m/libgcc.a(unwind-arm.o) (memcpy)
/Users/assetmalik/opt/gnu-mcu-eclipse/arm-none-eabi-gcc/7.3.1-1.1-20180724-0637/bin/../lib/gcc/arm-none-eabi/7.3.1/../../../../arm-none-eabi/lib/thumb/v7-m/libc.a(lib_a-signal.o)
                              /Users/assetmalik/opt/gnu-mcu-eclipse/arm-none-eabi-gcc/7.3.1-1.1-20180724-0637/bin/../lib/gcc/arm-none-eabi/7.3.1/../../../../arm-none-eabi/lib/thumb/v7-m/libc.a(lib_a-abort.o) (raise)
/Users/assetmalik/opt/gnu-mcu-eclipse/arm-none-eabi-gcc/7.3.1-1.1-20180724-0637/bin/../lib/gcc/arm-none-eabi/7.3.1/../../../../arm-none-eabi/lib/thumb/v7-m/libc.a(lib_a-signalr.o)
                              /Users/assetmalik/opt/gnu-mcu-eclipse/arm-none-eabi-gcc/7.3.1-1.1-20180724-0637/bin/../lib/gcc/arm-none-eabi/7.3.1/../../../../arm-none-eabi/lib/thumb/v7-m/libc.a(lib_a-signal.o) (_kill_r)
/Users/assetmalik/opt/gnu-mcu-eclipse/arm-none-eabi-gcc/7.3.1-1.1-20180724-0637/bin/../lib/gcc/arm-none-eabi/7.3.1/../../../../arm-none-eabi/lib/thumb/v7-m/libc.a(lib_a-impure.o)
                              /Users/assetmalik/opt/gnu-mcu-eclipse/arm-none-eabi-gcc/7.3.1-1.1-20180724-0637/bin/../lib/gcc/arm-none-eabi/7.3.1/../../../../arm-none-eabi/lib/thumb/v7-m/libc.a(lib_a-signal.o) (_impure_ptr)
/Users/assetmalik/opt/gnu-mcu-eclipse/arm-none-eabi-gcc/7.3.1-1.1-20180724-0637/bin/../lib/gcc/arm-none-eabi/7.3.1/../../../../arm-none-eabi/lib/thumb/v7-m/libc.a(lib_a-mallocr.o)
                              /Users/assetmalik/opt/gnu-mcu-eclipse/arm-none-eabi-gcc/7.3.1-1.1-20180724-0637/bin/../lib/gcc/arm-none-eabi/7.3.1/../../../../arm-none-eabi/lib/thumb/v7-m/libc.a(lib_a-signal.o) (_malloc_r)
/Users/assetmalik/opt/gnu-mcu-eclipse/arm-none-eabi-gcc/7.3.1-1.1-20180724-0637/bin/../lib/gcc/arm-none-eabi/7.3.1/../../../../arm-none-eabi/lib/thumb/v7-m/libc.a(lib_a-mlock.o)
                              /Users/assetmalik/opt/gnu-mcu-eclipse/arm-none-eabi-gcc/7.3.1-1.1-20180724-0637/bin/../lib/gcc/arm-none-eabi/7.3.1/../../../../arm-none-eabi/lib/thumb/v7-m/libc.a(lib_a-mallocr.o) (__malloc_lock)
/Users/assetmalik/opt/gnu-mcu-eclipse/arm-none-eabi-gcc/7.3.1-1.1-20180724-0637/bin/../lib/gcc/arm-none-eabi/7.3.1/../../../../arm-none-eabi/lib/thumb/v7-m/libc.a(lib_a-reent.o)
[...]
Memory Configuration

Name             Origin             Length             Attributes
rom              0x0000000008000000 0x0000000000020000 xr
ram              0x0000000020000000 0x0000000000005000 xrw
*default*        0x0000000000000000 0xffffffffffffffff

Linker script and memory map

LOAD main.o
LOAD ./libopencm3//lib/libopencm3_stm32f1.a
START GROUP
LOAD /Users/assetmalik/opt/gnu-mcu-eclipse/arm-none-eabi-gcc/7.3.1-1.1-20180724-0637/bin/../lib/gcc/arm-none-eabi/7.3.1/../../../../arm-none-eabi/lib/thumb/v7-m/libc.a
LOAD /Users/assetmalik/opt/gnu-mcu-eclipse/arm-none-eabi-gcc/7.3.1-1.1-20180724-0637/bin/../lib/gcc/arm-none-eabi/7.3.1/thumb/v7-m/libgcc.a
LOAD /Users/assetmalik/opt/gnu-mcu-eclipse/arm-none-eabi-gcc/7.3.1-1.1-20180724-0637/bin/../lib/gcc/arm-none-eabi/7.3.1/../../../../arm-none-eabi/lib/thumb/v7-m/libnosys.a
END GROUP
START GROUP
LOAD /Users/assetmalik/opt/gnu-mcu-eclipse/arm-none-eabi-gcc/7.3.1-1.1-20180724-0637/bin/../lib/gcc/arm-none-eabi/7.3.1/thumb/v7-m/libgcc.a
LOAD /Users/assetmalik/opt/gnu-mcu-eclipse/arm-none-eabi-gcc/7.3.1-1.1-20180724-0637/bin/../lib/gcc/arm-none-eabi/7.3.1/../../../../arm-none-eabi/lib/thumb/v7-m/libg.a
LOAD /Users/assetmalik/opt/gnu-mcu-eclipse/arm-none-eabi-gcc/7.3.1-1.1-20180724-0637/bin/../lib/gcc/arm-none-eabi/7.3.1/../../../../arm-none-eabi/lib/thumb/v7-m/libc.a
END GROUP

.text           0x0000000008000000     0x16bc
 *(.vectors)
 .vectors       0x0000000008000000      0x150 ./libopencm3//lib/libopencm3_stm32f1.a(vector.o)
                0x0000000008000000                vector_table
 *(.text*)
 .text.tim2_isr
                0x0000000008000150       0x64 main.o
                0x0000000008000150                tim2_isr
 .text.startup.main
                0x00000000080001b4       0xc0 main.o
                0x00000000080001b4                main
 .text.gpio_set_mode
                0x0000000008000274       0x62 ./libopencm3//lib/libopencm3_stm32f1.a(gpio.o)
                0x0000000008000274                gpio_set_mode
 *fill*         0x00000000080002d6        0x2 
 .text.rcc_osc_on.part.1
                0x00000000080002d8       0x10 ./libopencm3//lib/libopencm3_stm32f1.a(rcc.o)
 .text.rcc_is_osc_ready
                0x00000000080002e8       0x5c ./libopencm3//lib/libopencm3_stm32f1.a(rcc.o)
                0x00000000080002e8                rcc_is_osc_ready
 .text.rcc_wait_for_osc_ready
                0x0000000008000344       0x10 ./libopencm3//lib/libopencm3_stm32f1.a(rcc.o)
                0x0000000008000344                rcc_wait_for_osc_ready
 .text.rcc_osc_on
                0x0000000008000354       0x54 ./libopencm3//lib/libopencm3_stm32f1.a(rcc.o)
                0x0000000008000354                rcc_osc_on
 .text.rcc_set_sysclk_source
                0x00000000080003a8       0x14 ./libopencm3//lib/libopencm3_stm32f1.a(rcc.o)
                0x00000000080003a8                rcc_set_sysclk_source
 .text.rcc_set_pll_multiplication_factor
                0x00000000080003bc       0x14 ./libopencm3//lib/libopencm3_stm32f1.a(rcc.o)
                0x00000000080003bc                rcc_set_pll_multiplication_factor
 .text.rcc_set_pll_source
                0x00000000080003d0       0x14 ./libopencm3//lib/libopencm3_stm32f1.a(rcc.o)
                0x00000000080003d0                rcc_set_pll_source
 .text.rcc_set_pllxtpre
                0x00000000080003e4       0x14 ./libopencm3//lib/libopencm3_stm32f1.a(rcc.o)
                0x00000000080003e4                rcc_set_pllxtpre
 .text.rcc_set_adcpre
                0x00000000080003f8       0x14 ./libopencm3//lib/libopencm3_stm32f1.a(rcc.o)
                0x00000000080003f8                rcc_set_adcpre
 .text.rcc_set_ppre2
                0x000000000800040c       0x14 ./libopencm3//lib/libopencm3_stm32f1.a(rcc.o)
                0x000000000800040c                rcc_set_ppre2
 .text.rcc_set_ppre1
                0x0000000008000420       0x14 ./libopencm3//lib/libopencm3_stm32f1.a(rcc.o)
                0x0000000008000420                rcc_set_ppre1
 .text.rcc_set_hpre
                0x0000000008000434       0x14 ./libopencm3//lib/libopencm3_stm32f1.a(rcc.o)
                0x0000000008000434                rcc_set_hpre
 .text.rcc_clock_setup_in_hse_8mhz_out_72mhz
                0x0000000008000448       0x8c ./libopencm3//lib/libopencm3_stm32f1.a(rcc.o)
                0x0000000008000448                rcc_clock_setup_in_hse_8mhz_out_72mhz
 .text.gpio_set
                0x00000000080004d4        0x4 ./libopencm3//lib/libopencm3_stm32f1.a(gpio_common_all.o)
                0x00000000080004d4                gpio_set
 .text.gpio_toggle
                0x00000000080004d8       0x12 ./libopencm3//lib/libopencm3_stm32f1.a(gpio_common_all.o)
                0x00000000080004d8                gpio_toggle
 .text.timer_enable_irq
                0x00000000080004ea        0x8 ./libopencm3//lib/libopencm3_stm32f1.a(timer_common_all.o)
                0x00000000080004ea                timer_enable_irq
 .text.timer_get_flag
                0x00000000080004f2        0xc ./libopencm3//lib/libopencm3_stm32f1.a(timer_common_all.o)
                0x00000000080004f2                timer_get_flag
 .text.timer_clear_flag
                0x00000000080004fe        0x6 ./libopencm3//lib/libopencm3_stm32f1.a(timer_common_all.o)
                0x00000000080004fe                timer_clear_flag
 .text.timer_set_mode
                0x0000000008000504       0x12 ./libopencm3//lib/libopencm3_stm32f1.a(timer_common_all.o)
                0x0000000008000504                timer_set_mode
 .text.timer_disable_preload
                0x0000000008000516        0xa ./libopencm3//lib/libopencm3_stm32f1.a(timer_common_all.o)
                0x0000000008000516                timer_disable_preload
 .text.timer_continuous_mode
                0x0000000008000520        0xa ./libopencm3//lib/libopencm3_stm32f1.a(timer_common_all.o)
                0x0000000008000520                timer_continuous_mode
 .text.timer_enable_counter
                0x000000000800052a        0xa ./libopencm3//lib/libopencm3_stm32f1.a(timer_common_all.o)
                0x000000000800052a                timer_enable_counter
 .text.timer_set_prescaler
                0x0000000008000534        0x4 ./libopencm3//lib/libopencm3_stm32f1.a(timer_common_all.o)
                0x0000000008000534                timer_set_prescaler
 .text.timer_set_period
                0x0000000008000538        0x4 ./libopencm3//lib/libopencm3_stm32f1.a(timer_common_all.o)
                0x0000000008000538                timer_set_period
 .text.timer_set_oc_value
                0x000000000800053c       0x20 ./libopencm3//lib/libopencm3_stm32f1.a(timer_common_all.o)
                0x000000000800053c                timer_set_oc_value
 .text.timer_get_counter
                0x000000000800055c        0x4 ./libopencm3//lib/libopencm3_stm32f1.a(timer_common_all.o)
                0x000000000800055c                timer_get_counter
 .text.rcc_periph_clock_enable
                0x0000000008000560       0x1a ./libopencm3//lib/libopencm3_stm32f1.a(rcc_common_all.o)
                0x0000000008000560                rcc_periph_clock_enable
 .text.rcc_periph_reset_pulse
                0x000000000800057a       0x22 ./libopencm3//lib/libopencm3_stm32f1.a(rcc_common_all.o)
                0x000000000800057a                rcc_periph_reset_pulse
 .text.flash_set_ws
                0x000000000800059c       0x14 ./libopencm3//lib/libopencm3_stm32f1.a(flash_common_all.o)
                0x000000000800059c                flash_set_ws
 .text.blocking_handler
                0x00000000080005b0        0x2 ./libopencm3//lib/libopencm3_stm32f1.a(vector.o)
                0x00000000080005b0                exti0_isr
                0x00000000080005b0                rtc_isr
                0x00000000080005b0                tim7_isr
                0x00000000080005b0                adc1_2_isr
                0x00000000080005b0                tim1_trg_com_isr
                0x00000000080005b0                usb_hp_can_tx_isr
                0x00000000080005b0                tim6_isr
                0x00000000080005b0                usb_wakeup_isr
                0x00000000080005b0                blocking_handler
                0x00000000080005b0                tim5_isr
                0x00000000080005b0                otg_fs_isr
                0x00000000080005b0                spi1_isr
                0x00000000080005b0                exti2_isr
                0x00000000080005b0                dma1_channel6_isr
                0x00000000080005b0                can_rx1_isr
                0x00000000080005b0                dma1_channel5_isr
                0x00000000080005b0                dma2_channel5_isr
                0x00000000080005b0                usart1_isr
                0x00000000080005b0                usage_fault_handler
                0x00000000080005b0                tim8_trg_com_isr
                0x00000000080005b0                can2_rx0_isr
                0x00000000080005b0                tim1_brk_isr
                0x00000000080005b0                can2_rx1_isr
                0x00000000080005b0                tim1_cc_isr
                0x00000000080005b0                sdio_isr
                0x00000000080005b0                eth_isr
                0x00000000080005b0                dma1_channel4_isr
                0x00000000080005b0                tim8_brk_isr
                0x00000000080005b0                dma2_channel4_5_isr
                0x00000000080005b0                pvd_isr
                0x00000000080005b0                rcc_isr
                0x00000000080005b0                flash_isr
                0x00000000080005b0                uart4_isr
                0x00000000080005b0                rtc_alarm_isr
                0x00000000080005b0                exti15_10_isr
                0x00000000080005b0                hard_fault_handler
                0x00000000080005b0                exti1_isr
                0x00000000080005b0                i2c1_ev_isr
                0x00000000080005b0                dma2_channel1_isr
                0x00000000080005b0                spi2_isr
                0x00000000080005b0                tim8_up_isr
                0x00000000080005b0                dma2_channel2_isr
                0x00000000080005b0                exti3_isr
                0x00000000080005b0                adc3_isr
                0x00000000080005b0                tim3_isr
                0x00000000080005b0                usart2_isr
                0x00000000080005b0                usb_lp_can_rx0_isr
                0x00000000080005b0                i2c2_er_isr
                0x00000000080005b0                i2c2_ev_isr
                0x00000000080005b0                uart5_isr
                0x00000000080005b0                fsmc_isr
                0x00000000080005b0                dma1_channel1_isr
                0x00000000080005b0                exti4_isr
                0x00000000080005b0                mem_manage_handler
                0x00000000080005b0                can2_tx_isr
                0x00000000080005b0                exti9_5_isr
                0x00000000080005b0                dma2_channel3_isr
                0x00000000080005b0                dma1_channel7_isr
                0x00000000080005b0                tim1_up_isr
                0x00000000080005b0                can2_sce_isr
                0x00000000080005b0                tim4_isr
                0x00000000080005b0                dma1_channel2_isr
                0x00000000080005b0                i2c1_er_isr
                0x00000000080005b0                can_sce_isr
                0x00000000080005b0                tim8_cc_isr
                0x00000000080005b0                tamper_isr
                0x00000000080005b0                eth_wkup_isr
                0x00000000080005b0                bus_fault_handler
                0x00000000080005b0                wwdg_isr
                0x00000000080005b0                dma1_channel3_isr
                0x00000000080005b0                spi3_isr
                0x00000000080005b0                usart3_isr
 .text.null_handler
                0x00000000080005b2        0x2 ./libopencm3//lib/libopencm3_stm32f1.a(vector.o)
                0x00000000080005b2                null_handler
                0x00000000080005b2                sv_call_handler
                0x00000000080005b2                pend_sv_handler
                0x00000000080005b2                debug_monitor_handler
                0x00000000080005b2                sys_tick_handler
                0x00000000080005b2                nmi_handler
 .text.reset_handler
                0x00000000080005b4       0x94 ./libopencm3//lib/libopencm3_stm32f1.a(vector.o)
                0x00000000080005b4                reset_handler
 .text.nvic_enable_irq
                0x0000000008000648       0x1a ./libopencm3//lib/libopencm3_stm32f1.a(nvic.o)
                0x0000000008000648                nvic_enable_irq
 *fill*         0x0000000008000662        0x2 
 .text.selfrel_offset31
                0x0000000008000664       0x14 /Users/assetmalik/opt/gnu-mcu-eclipse/arm-none-eabi-gcc/7.3.1-1.1-20180724-0637/bin/../lib/gcc/arm-none-eabi/7.3.1/thumb/v7-m/libgcc.a(unwind-arm.o)
 .text.search_EIT_table
                0x0000000008000678       0x60 /Users/assetmalik/opt/gnu-mcu-eclipse/arm-none-eabi-gcc/7.3.1-1.1-20180724-0637/bin/../lib/gcc/arm-none-eabi/7.3.1/thumb/v7-m/libgcc.a(unwind-arm.o)
 .text.__gnu_unwind_get_pr_addr
                0x00000000080006d8       0x28 /Users/assetmalik/opt/gnu-mcu-eclipse/arm-none-eabi-gcc/7.3.1-1.1-20180724-0637/bin/../lib/gcc/arm-none-eabi/7.3.1/thumb/v7-m/libgcc.a(unwind-arm.o)
 .text.get_eit_entry
                0x0000000008000700       0xa8 /Users/assetmalik/opt/gnu-mcu-eclipse/arm-none-eabi-gcc/7.3.1-1.1-20180724-0637/bin/../lib/gcc/arm-none-eabi/7.3.1/thumb/v7-m/libgcc.a(unwind-arm.o)
 .text.restore_non_core_regs
                0x00000000080007a8       0x58 /Users/assetmalik/opt/gnu-mcu-eclipse/arm-none-eabi-gcc/7.3.1-1.1-20180724-0637/bin/../lib/gcc/arm-none-eabi/7.3.1/thumb/v7-m/libgcc.a(unwind-arm.o)
 .text._Unwind_decode_typeinfo_ptr.isra.0
                0x0000000008000800        0xc /Users/assetmalik/opt/gnu-mcu-eclipse/arm-none-eabi-gcc/7.3.1-1.1-20180724-0637/bin/../lib/gcc/arm-none-eabi/7.3.1/thumb/v7-m/libgcc.a(unwind-arm.o)
 .text._Unwind_DebugHook
                0x000000000800080c        0x4 /Users/assetmalik/opt/gnu-mcu-eclipse/arm-none-eabi-gcc/7.3.1-1.1-20180724-0637/bin/../lib/gcc/arm-none-eabi/7.3.1/thumb/v7-m/libgcc.a(unwind-arm.o)
 .text.unwind_phase2
                0x0000000008000810       0x40 /Users/assetmalik/opt/gnu-mcu-eclipse/arm-none-eabi-gcc/7.3.1-1.1-20180724-0637/bin/../lib/gcc/arm-none-eabi/7.3.1/thumb/v7-m/libgcc.a(unwind-arm.o)
 .text.unwind_phase2_forced
                0x0000000008000850       0xcc /Users/assetmalik/opt/gnu-mcu-eclipse/arm-none-eabi-gcc/7.3.1-1.1-20180724-0637/bin/../lib/gcc/arm-none-eabi/7.3.1/thumb/v7-m/libgcc.a(unwind-arm.o)
 .text.__gnu_Unwind_RaiseException
                0x000000000800091c       0x60 /Users/assetmalik/opt/gnu-mcu-eclipse/arm-none-eabi-gcc/7.3.1-1.1-20180724-0637/bin/../lib/gcc/arm-none-eabi/7.3.1/thumb/v7-m/libgcc.a(unwind-arm.o)
                0x000000000800091c                __gnu_Unwind_RaiseException
 .text.__gnu_Unwind_ForcedUnwind
                0x000000000800097c       0x14 /Users/assetmalik/opt/gnu-mcu-eclipse/arm-none-eabi-gcc/7.3.1-1.1-20180724-0637/bin/../lib/gcc/arm-none-eabi/7.3.1/thumb/v7-m/libgcc.a(unwind-arm.o)
                0x000000000800097c                __gnu_Unwind_ForcedUnwind
 .text.__gnu_Unwind_Resume
                0x0000000008000990       0x44 /Users/assetmalik/opt/gnu-mcu-eclipse/arm-none-eabi-gcc/7.3.1-1.1-20180724-0637/bin/../lib/gcc/arm-none-eabi/7.3.1/thumb/v7-m/libgcc.a(unwind-arm.o)
                0x0000000008000990                __gnu_Unwind_Resume
 .text.__gnu_Unwind_Resume_or_Rethrow
                0x00000000080009d4       0x18 /Users/assetmalik/opt/gnu-mcu-eclipse/arm-none-eabi-gcc/7.3.1-1.1-20180724-0637/bin/../lib/gcc/arm-none-eabi/7.3.1/thumb/v7-m/libgcc.a(unwind-arm.o)
                0x00000000080009d4                __gnu_Unwind_Resume_or_Rethrow
 .text._Unwind_VRS_Get
                0x00000000080009ec       0x2c /Users/assetmalik/opt/gnu-mcu-eclipse/arm-none-eabi-gcc/7.3.1-1.1-20180724-0637/bin/../lib/gcc/arm-none-eabi/7.3.1/thumb/v7-m/libgcc.a(unwind-arm.o)
                0x00000000080009ec                _Unwind_VRS_Get
 .text._Unwind_GetGR
                0x0000000008000a18       0x18 /Users/assetmalik/opt/gnu-mcu-eclipse/arm-none-eabi-gcc/7.3.1-1.1-20180724-0637/bin/../lib/gcc/arm-none-eabi/7.3.1/thumb/v7-m/libgcc.a(unwind-arm.o)
 .text._Unwind_VRS_Set
                0x0000000008000a30       0x2c /Users/assetmalik/opt/gnu-mcu-eclipse/arm-none-eabi-gcc/7.3.1-1.1-20180724-0637/bin/../lib/gcc/arm-none-eabi/7.3.1/thumb/v7-m/libgcc.a(unwind-arm.o)
                0x0000000008000a30                _Unwind_VRS_Set
 .text._Unwind_SetGR
                0x0000000008000a5c       0x1c /Users/assetmalik/opt/gnu-mcu-eclipse/arm-none-eabi-gcc/7.3.1-1.1-20180724-0637/bin/../lib/gcc/arm-none-eabi/7.3.1/thumb/v7-m/libgcc.a(unwind-arm.o)
 .text.__gnu_Unwind_Backtrace
                0x0000000008000a78       0x74 /Users/assetmalik/opt/gnu-mcu-eclipse/arm-none-eabi-gcc/7.3.1-1.1-20180724-0637/bin/../lib/gcc/arm-none-eabi/7.3.1/thumb/v7-m/libgcc.a(unwind-arm.o)
                0x0000000008000a78                __gnu_Unwind_Backtrace
 .text.__gnu_unwind_pr_common
                0x0000000008000aec      0x2d4 /Users/assetmalik/opt/gnu-mcu-eclipse/arm-none-eabi-gcc/7.3.1-1.1-20180724-0637/bin/../lib/gcc/arm-none-eabi/7.3.1/thumb/v7-m/libgcc.a(unwind-arm.o)
 .text.__aeabi_unwind_cpp_pr0
                0x0000000008000dc0        0x8 /Users/assetmalik/opt/gnu-mcu-eclipse/arm-none-eabi-gcc/7.3.1-1.1-20180724-0637/bin/../lib/gcc/arm-none-eabi/7.3.1/thumb/v7-m/libgcc.a(unwind-arm.o)
                0x0000000008000dc0                __aeabi_unwind_cpp_pr0
 .text.__aeabi_unwind_cpp_pr1
                0x0000000008000dc8        0x8 /Users/assetmalik/opt/gnu-mcu-eclipse/arm-none-eabi-gcc/7.3.1-1.1-20180724-0637/bin/../lib/gcc/arm-none-eabi/7.3.1/thumb/v7-m/libgcc.a(unwind-arm.o)
                0x0000000008000dc8                __aeabi_unwind_cpp_pr1
 .text.__aeabi_unwind_cpp_pr2
                0x0000000008000dd0        0x8 /Users/assetmalik/opt/gnu-mcu-eclipse/arm-none-eabi-gcc/7.3.1-1.1-20180724-0637/bin/../lib/gcc/arm-none-eabi/7.3.1/thumb/v7-m/libgcc.a(unwind-arm.o)
                0x0000000008000dd0                __aeabi_unwind_cpp_pr2
 .text._Unwind_VRS_Pop
                0x0000000008000dd8      0x284 /Users/assetmalik/opt/gnu-mcu-eclipse/arm-none-eabi-gcc/7.3.1-1.1-20180724-0637/bin/../lib/gcc/arm-none-eabi/7.3.1/thumb/v7-m/libgcc.a(unwind-arm.o)
                0x0000000008000dd8                _Unwind_VRS_Pop
 .text          0x000000000800105c      0x1ac /Users/assetmalik/opt/gnu-mcu-eclipse/arm-none-eabi-gcc/7.3.1-1.1-20180724-0637/bin/../lib/gcc/arm-none-eabi/7.3.1/thumb/v7-m/libgcc.a(libunwind.o)
                0x000000000800105c                __restore_core_regs
                0x000000000800105c                restore_core_regs
                0x0000000008001074                __gnu_Unwind_Restore_VFP
                0x000000000800107c                __gnu_Unwind_Save_VFP
                0x0000000008001084                __gnu_Unwind_Restore_VFP_D
                0x000000000800108c                __gnu_Unwind_Save_VFP_D
                0x0000000008001094                __gnu_Unwind_Restore_VFP_D_16_to_31
                0x000000000800109c                __gnu_Unwind_Save_VFP_D_16_to_31
                0x00000000080010a4                __gnu_Unwind_Restore_WMMXD
                0x00000000080010e8                __gnu_Unwind_Save_WMMXD
                0x000000000800112c                __gnu_Unwind_Restore_WMMXC
                0x0000000008001140                __gnu_Unwind_Save_WMMXC
                0x0000000008001154                _Unwind_RaiseException
                0x0000000008001154                ___Unwind_RaiseException
                0x0000000008001178                ___Unwind_Resume
                0x0000000008001178                _Unwind_Resume
                0x000000000800119c                ___Unwind_Resume_or_Rethrow
                0x000000000800119c                _Unwind_Resume_or_Rethrow
                0x00000000080011c0                _Unwind_ForcedUnwind
                0x00000000080011c0                ___Unwind_ForcedUnwind
                0x00000000080011e4                _Unwind_Backtrace
                0x00000000080011e4                ___Unwind_Backtrace
 .text.next_unwind_byte
                0x0000000008001208       0x38 /Users/assetmalik/opt/gnu-mcu-eclipse/arm-none-eabi-gcc/7.3.1-1.1-20180724-0637/bin/../lib/gcc/arm-none-eabi/7.3.1/thumb/v7-m/libgcc.a(pr-support.o)
 .text.__gnu_unwind_execute
                0x0000000008001240      0x2c4 /Users/assetmalik/opt/gnu-mcu-eclipse/arm-none-eabi-gcc/7.3.1-1.1-20180724-0637/bin/../lib/gcc/arm-none-eabi/7.3.1/thumb/v7-m/libgcc.a(pr-support.o)
                0x0000000008001240                __gnu_unwind_execute
 .text.abort    0x0000000008001504       0x10 /Users/assetmalik/opt/gnu-mcu-eclipse/arm-none-eabi-gcc/7.3.1-1.1-20180724-0637/bin/../lib/gcc/arm-none-eabi/7.3.1/../../../../arm-none-eabi/lib/thumb/v7-m/libc.a(lib_a-abort.o)
                0x0000000008001504                abort
 .text          0x0000000008001514       0xec /Users/assetmalik/opt/gnu-mcu-eclipse/arm-none-eabi-gcc/7.3.1-1.1-20180724-0637/bin/../lib/gcc/arm-none-eabi/7.3.1/../../../../arm-none-eabi/lib/thumb/v7-m/libc.a(lib_a-memcpy.o)
                0x0000000008001514                memcpy
 .text._raise_r
                0x0000000008001600       0x5c /Users/assetmalik/opt/gnu-mcu-eclipse/arm-none-eabi-gcc/7.3.1-1.1-20180724-0637/bin/../lib/gcc/arm-none-eabi/7.3.1/../../../../arm-none-eabi/lib/thumb/v7-m/libc.a(lib_a-signal.o)
                0x0000000008001600                _raise_r
 .text.raise    0x000000000800165c       0x10 /Users/assetmalik/opt/gnu-mcu-eclipse/arm-none-eabi-gcc/7.3.1-1.1-20180724-0637/bin/../lib/gcc/arm-none-eabi/7.3.1/../../../../arm-none-eabi/lib/thumb/v7-m/libc.a(lib_a-signal.o)
                0x000000000800165c                raise
 .text._kill_r  0x000000000800166c       0x28 /Users/assetmalik/opt/gnu-mcu-eclipse/arm-none-eabi-gcc/7.3.1-1.1-20180724-0637/bin/../lib/gcc/arm-none-eabi/7.3.1/../../../../arm-none-eabi/lib/thumb/v7-m/libc.a(lib_a-signalr.o)
                0x000000000800166c                _kill_r
 .text._getpid_r
                0x0000000008001694        0x4 /Users/assetmalik/opt/gnu-mcu-eclipse/arm-none-eabi-gcc/7.3.1-1.1-20180724-0637/bin/../lib/gcc/arm-none-eabi/7.3.1/../../../../arm-none-eabi/lib/thumb/v7-m/libc.a(lib_a-signalr.o)
                0x0000000008001694                _getpid_r
 .text._getpid  0x0000000008001698       0x10 /Users/assetmalik/opt/gnu-mcu-eclipse/arm-none-eabi-gcc/7.3.1-1.1-20180724-0637/bin/../lib/gcc/arm-none-eabi/7.3.1/../../../../arm-none-eabi/lib/thumb/v7-m/libnosys.a(getpid.o)
                0x0000000008001698                _getpid
 .text._kill    0x00000000080016a8       0x10 /Users/assetmalik/opt/gnu-mcu-eclipse/arm-none-eabi-gcc/7.3.1-1.1-20180724-0637/bin/../lib/gcc/arm-none-eabi/7.3.1/../../../../arm-none-eabi/lib/thumb/v7-m/libnosys.a(kill.o)
                0x00000000080016a8                _kill
 .text._exit    0x00000000080016b8        0x4 /Users/assetmalik/opt/gnu-mcu-eclipse/arm-none-eabi-gcc/7.3.1-1.1-20180724-0637/bin/../lib/gcc/arm-none-eabi/7.3.1/../../../../arm-none-eabi/lib/thumb/v7-m/libnosys.a(_exit.o)
                0x00000000080016b8                _exit
                0x00000000080016bc                . = ALIGN (0x4)
 *(.rodata*)
                0x00000000080016bc                . = ALIGN (0x4)

.glue_7         0x00000000080016bc        0x0
 .glue_7        0x00000000080016bc        0x0 linker stubs

.glue_7t        0x00000000080016bc        0x0
 .glue_7t       0x00000000080016bc        0x0 linker stubs

.vfp11_veneer   0x00000000080016bc        0x0
 .vfp11_veneer  0x00000000080016bc        0x0 linker stubs

.v4_bx          0x00000000080016bc        0x0
 .v4_bx         0x00000000080016bc        0x0 linker stubs

.iplt           0x00000000080016bc        0x0
 .iplt          0x00000000080016bc        0x0 main.o

.preinit_array  0x00000000080016bc        0x0
                0x00000000080016bc                . = ALIGN (0x4)
                0x00000000080016bc                __preinit_array_start = .
 *(.preinit_array)
                0x00000000080016bc                __preinit_array_end = .

.init_array     0x00000000080016bc        0x0
                0x00000000080016bc                . = ALIGN (0x4)
                0x00000000080016bc                __init_array_start = .
 *(SORT_BY_NAME(.init_array.*))
 *(.init_array)
                0x00000000080016bc                __init_array_end = .

.fini_array     0x00000000080016bc        0x0
                0x00000000080016bc                . = ALIGN (0x4)
                0x00000000080016bc                __fini_array_start = .
 *(.fini_array)
 *(SORT_BY_NAME(.fini_array.*))
                0x00000000080016bc                __fini_array_end = .

.ARM.extab
 *(.ARM.extab*)

.ARM.exidx      0x00000000080016bc       0x90
                0x00000000080016bc                __exidx_start = .
 *(.ARM.exidx*)
 .ARM.exidx.text.tim2_isr
                0x00000000080016bc        0x8 main.o
 .ARM.exidx.text.startup.main
                0x00000000080016c4        0x8 main.o
 .ARM.exidx.text.selfrel_offset31
                0x00000000080016cc        0x0 /Users/assetmalik/opt/gnu-mcu-eclipse/arm-none-eabi-gcc/7.3.1-1.1-20180724-0637/bin/../lib/gcc/arm-none-eabi/7.3.1/thumb/v7-m/libgcc.a(unwind-arm.o)
                                          0x8 (size before relaxing)
 .ARM.exidx.text.search_EIT_table
                0x00000000080016cc        0x0 /Users/assetmalik/opt/gnu-mcu-eclipse/arm-none-eabi-gcc/7.3.1-1.1-20180724-0637/bin/../lib/gcc/arm-none-eabi/7.3.1/thumb/v7-m/libgcc.a(unwind-arm.o)
                                          0x8 (size before relaxing)
 .ARM.exidx.text.__gnu_unwind_get_pr_addr
                0x00000000080016cc        0x0 /Users/assetmalik/opt/gnu-mcu-eclipse/arm-none-eabi-gcc/7.3.1-1.1-20180724-0637/bin/../lib/gcc/arm-none-eabi/7.3.1/thumb/v7-m/libgcc.a(unwind-arm.o)
                                          0x8 (size before relaxing)
 .ARM.exidx.text.get_eit_entry
                0x00000000080016cc        0x8 /Users/assetmalik/opt/gnu-mcu-eclipse/arm-none-eabi-gcc/7.3.1-1.1-20180724-0637/bin/../lib/gcc/arm-none-eabi/7.3.1/thumb/v7-m/libgcc.a(unwind-arm.o)
 .ARM.exidx.text.restore_non_core_regs
                0x00000000080016d4        0x8 /Users/assetmalik/opt/gnu-mcu-eclipse/arm-none-eabi-gcc/7.3.1-1.1-20180724-0637/bin/../lib/gcc/arm-none-eabi/7.3.1/thumb/v7-m/libgcc.a(unwind-arm.o)
 .ARM.exidx.text._Unwind_decode_typeinfo_ptr.isra.0
                0x00000000080016dc        0x8 /Users/assetmalik/opt/gnu-mcu-eclipse/arm-none-eabi-gcc/7.3.1-1.1-20180724-0637/bin/../lib/gcc/arm-none-eabi/7.3.1/thumb/v7-m/libgcc.a(unwind-arm.o)
 .ARM.exidx.text._Unwind_DebugHook
                0x00000000080016e4        0x0 /Users/assetmalik/opt/gnu-mcu-eclipse/arm-none-eabi-gcc/7.3.1-1.1-20180724-0637/bin/../lib/gcc/arm-none-eabi/7.3.1/thumb/v7-m/libgcc.a(unwind-arm.o)
                                          0x8 (size before relaxing)
 .ARM.exidx.text.unwind_phase2
                0x00000000080016e4        0x8 /Users/assetmalik/opt/gnu-mcu-eclipse/arm-none-eabi-gcc/7.3.1-1.1-20180724-0637/bin/../lib/gcc/arm-none-eabi/7.3.1/thumb/v7-m/libgcc.a(unwind-arm.o)
 .ARM.exidx.text.unwind_phase2_forced
                0x00000000080016ec        0x8 /Users/assetmalik/opt/gnu-mcu-eclipse/arm-none-eabi-gcc/7.3.1-1.1-20180724-0637/bin/../lib/gcc/arm-none-eabi/7.3.1/thumb/v7-m/libgcc.a(unwind-arm.o)
 .ARM.exidx.text.__gnu_Unwind_RaiseException
                0x00000000080016f4        0x8 /Users/assetmalik/opt/gnu-mcu-eclipse/arm-none-eabi-gcc/7.3.1-1.1-20180724-0637/bin/../lib/gcc/arm-none-eabi/7.3.1/thumb/v7-m/libgcc.a(unwind-arm.o)
 .ARM.exidx.text.__gnu_Unwind_ForcedUnwind
                0x00000000080016fc        0x8 /Users/assetmalik/opt/gnu-mcu-eclipse/arm-none-eabi-gcc/7.3.1-1.1-20180724-0637/bin/../lib/gcc/arm-none-eabi/7.3.1/thumb/v7-m/libgcc.a(unwind-arm.o)
 .ARM.exidx.text.__gnu_Unwind_Resume
                0x0000000008001704        0x8 /Users/assetmalik/opt/gnu-mcu-eclipse/arm-none-eabi-gcc/7.3.1-1.1-20180724-0637/bin/../lib/gcc/arm-none-eabi/7.3.1/thumb/v7-m/libgcc.a(unwind-arm.o)
 .ARM.exidx.text.__gnu_Unwind_Resume_or_Rethrow
                0x000000000800170c        0x8 /Users/assetmalik/opt/gnu-mcu-eclipse/arm-none-eabi-gcc/7.3.1-1.1-20180724-0637/bin/../lib/gcc/arm-none-eabi/7.3.1/thumb/v7-m/libgcc.a(unwind-arm.o)
 .ARM.exidx.text._Unwind_VRS_Get
                0x0000000008001714        0x0 /Users/assetmalik/opt/gnu-mcu-eclipse/arm-none-eabi-gcc/7.3.1-1.1-20180724-0637/bin/../lib/gcc/arm-none-eabi/7.3.1/thumb/v7-m/libgcc.a(unwind-arm.o)
                                          0x8 (size before relaxing)
 .ARM.exidx.text._Unwind_GetGR
                0x0000000008001714        0x0 /Users/assetmalik/opt/gnu-mcu-eclipse/arm-none-eabi-gcc/7.3.1-1.1-20180724-0637/bin/../lib/gcc/arm-none-eabi/7.3.1/thumb/v7-m/libgcc.a(unwind-arm.o)
                                          0x8 (size before relaxing)
 .ARM.exidx.text._Unwind_VRS_Set
                0x0000000008001714        0x0 /Users/assetmalik/opt/gnu-mcu-eclipse/arm-none-eabi-gcc/7.3.1-1.1-20180724-0637/bin/../lib/gcc/arm-none-eabi/7.3.1/thumb/v7-m/libgcc.a(unwind-arm.o)
                                          0x8 (size before relaxing)
 .ARM.exidx.text._Unwind_SetGR
                0x0000000008001714        0x0 /Users/assetmalik/opt/gnu-mcu-eclipse/arm-none-eabi-gcc/7.3.1-1.1-20180724-0637/bin/../lib/gcc/arm-none-eabi/7.3.1/thumb/v7-m/libgcc.a(unwind-arm.o)
                                          0x8 (size before relaxing)
 .ARM.exidx.text.__gnu_Unwind_Backtrace
                0x0000000008001714        0x8 /Users/assetmalik/opt/gnu-mcu-eclipse/arm-none-eabi-gcc/7.3.1-1.1-20180724-0637/bin/../lib/gcc/arm-none-eabi/7.3.1/thumb/v7-m/libgcc.a(unwind-arm.o)
 .ARM.exidx.text.__gnu_unwind_pr_common
                0x000000000800171c        0x8 /Users/assetmalik/opt/gnu-mcu-eclipse/arm-none-eabi-gcc/7.3.1-1.1-20180724-0637/bin/../lib/gcc/arm-none-eabi/7.3.1/thumb/v7-m/libgcc.a(unwind-arm.o)
 .ARM.exidx.text.__aeabi_unwind_cpp_pr0
                0x0000000008001724        0x8 /Users/assetmalik/opt/gnu-mcu-eclipse/arm-none-eabi-gcc/7.3.1-1.1-20180724-0637/bin/../lib/gcc/arm-none-eabi/7.3.1/thumb/v7-m/libgcc.a(unwind-arm.o)
 .ARM.exidx.text.__aeabi_unwind_cpp_pr1
                0x000000000800172c        0x0 /Users/assetmalik/opt/gnu-mcu-eclipse/arm-none-eabi-gcc/7.3.1-1.1-20180724-0637/bin/../lib/gcc/arm-none-eabi/7.3.1/thumb/v7-m/libgcc.a(unwind-arm.o)
                                          0x8 (size before relaxing)
 .ARM.exidx.text.__aeabi_unwind_cpp_pr2
                0x000000000800172c        0x0 /Users/assetmalik/opt/gnu-mcu-eclipse/arm-none-eabi-gcc/7.3.1-1.1-20180724-0637/bin/../lib/gcc/arm-none-eabi/7.3.1/thumb/v7-m/libgcc.a(unwind-arm.o)
                                          0x8 (size before relaxing)
 .ARM.exidx.text._Unwind_VRS_Pop
                0x000000000800172c       0x10 /Users/assetmalik/opt/gnu-mcu-eclipse/arm-none-eabi-gcc/7.3.1-1.1-20180724-0637/bin/../lib/gcc/arm-none-eabi/7.3.1/thumb/v7-m/libgcc.a(unwind-arm.o)
                                          0x8 (size before relaxing)
 .ARM.exidx.text.next_unwind_byte
                0x000000000800173c        0x0 /Users/assetmalik/opt/gnu-mcu-eclipse/arm-none-eabi-gcc/7.3.1-1.1-20180724-0637/bin/../lib/gcc/arm-none-eabi/7.3.1/thumb/v7-m/libgcc.a(pr-support.o)
                                          0x8 (size before relaxing)
 .ARM.exidx.text.__gnu_unwind_execute
                0x000000000800173c       0x10 /Users/assetmalik/opt/gnu-mcu-eclipse/arm-none-eabi-gcc/7.3.1-1.1-20180724-0637/bin/../lib/gcc/arm-none-eabi/7.3.1/thumb/v7-m/libgcc.a(pr-support.o)
                                          0x8 (size before relaxing)
                0x000000000800174c                __exidx_end = .

.rel.dyn        0x000000000800174c        0x0
 .rel.iplt      0x000000000800174c        0x0 main.o
                0x000000000800174c                . = ALIGN (0x4)
                0x000000000800174c                _etext = .

.data           0x0000000020000000      0x440 load address 0x000000000800174c
                0x0000000020000000                _data = .
 *(.data*)
 .data.frequency_sequence
                0x0000000020000000        0x4 main.o
                0x0000000020000000                frequency_sequence
 .data.rcc_ahb_frequency
                0x0000000020000004        0x4 ./libopencm3//lib/libopencm3_stm32f1.a(rcc.o)
                0x0000000020000004                rcc_ahb_frequency
 .data.rcc_apb1_frequency
                0x0000000020000008        0x4 ./libopencm3//lib/libopencm3_stm32f1.a(rcc.o)
                0x0000000020000008                rcc_apb1_frequency
 .data.rcc_apb2_frequency
                0x000000002000000c        0x4 ./libopencm3//lib/libopencm3_stm32f1.a(rcc.o)
                0x000000002000000c                rcc_apb2_frequency
 .data._impure_ptr
                0x0000000020000010        0x4 /Users/assetmalik/opt/gnu-mcu-eclipse/arm-none-eabi-gcc/7.3.1-1.1-20180724-0637/bin/../lib/gcc/arm-none-eabi/7.3.1/../../../../arm-none-eabi/lib/thumb/v7-m/libc.a(lib_a-impure.o)
                0x0000000020000010                _impure_ptr
 *fill*         0x0000000020000014        0x4 
 .data.impure_data
                0x0000000020000018      0x428 /Users/assetmalik/opt/gnu-mcu-eclipse/arm-none-eabi-gcc/7.3.1-1.1-20180724-0637/bin/../lib/gcc/arm-none-eabi/7.3.1/../../../../arm-none-eabi/lib/thumb/v7-m/libc.a(lib_a-impure.o)
                0x0000000020000440                . = ALIGN (0x4)
                0x0000000020000440                _edata = .
                0x000000000800174c                _data_loadaddr = LOADADDR (.data)

.igot.plt       0x0000000020000440        0x0 load address 0x0000000008001b8c
 .igot.plt      0x0000000020000440        0x0 main.o

.bss            0x0000000020000440        0x8 load address 0x0000000008001b8c
 *(.bss*)
 .bss.frequency_sel
                0x0000000020000440        0x4 main.o
                0x0000000020000440                frequency_sel
 *(COMMON)
 COMMON         0x0000000020000444        0x4 /Users/assetmalik/opt/gnu-mcu-eclipse/arm-none-eabi-gcc/7.3.1-1.1-20180724-0637/bin/../lib/gcc/arm-none-eabi/7.3.1/../../../../arm-none-eabi/lib/thumb/v7-m/libc.a(lib_a-reent.o)
                0x0000000020000444                errno
                0x0000000020000448                . = ALIGN (0x4)
                0x0000000020000448                _ebss = .

/DISCARD/
 *(.eh_frame)
                0x0000000020000448                . = ALIGN (0x4)
                0x0000000020000448                end = .
                0x0000000020005000                PROVIDE (_stack = (ORIGIN (ram) + LENGTH (ram)))
OUTPUT(flash.elf elf32-littlearm)

.debug_info     0x0000000000000000     0x393c
 .debug_info    0x0000000000000000      0x830 main.o
 .debug_info    0x0000000000000830      0x1db ./libopencm3//lib/libopencm3_stm32f1.a(gpio.o)
 .debug_info    0x0000000000000a0b     0x1160 ./libopencm3//lib/libopencm3_stm32f1.a(rcc.o)
 .debug_info    0x0000000000001b6b      0x22c ./libopencm3//lib/libopencm3_stm32f1.a(gpio_common_all.o)
 .debug_info    0x0000000000001d97     0x1008 ./libopencm3//lib/libopencm3_stm32f1.a(timer_common_all.o)
 .debug_info    0x0000000000002d9f      0x5f5 ./libopencm3//lib/libopencm3_stm32f1.a(rcc_common_all.o)
 .debug_info    0x0000000000003394       0xec ./libopencm3//lib/libopencm3_stm32f1.a(flash_common_all.o)
 .debug_info    0x0000000000003480      0x2a8 ./libopencm3//lib/libopencm3_stm32f1.a(vector.o)
 .debug_info    0x0000000000003728      0x214 ./libopencm3//lib/libopencm3_stm32f1.a(nvic.o)

.debug_abbrev   0x0000000000000000      0xb15
 .debug_abbrev  0x0000000000000000      0x1d4 main.o
 .debug_abbrev  0x00000000000001d4       0xb7 ./libopencm3//lib/libopencm3_stm32f1.a(gpio.o)
 .debug_abbrev  0x000000000000028b      0x285 ./libopencm3//lib/libopencm3_stm32f1.a(rcc.o)
 .debug_abbrev  0x0000000000000510       0xf4 ./libopencm3//lib/libopencm3_stm32f1.a(gpio_common_all.o)
 .debug_abbrev  0x0000000000000604      0x181 ./libopencm3//lib/libopencm3_stm32f1.a(timer_common_all.o)
 .debug_abbrev  0x0000000000000785      0x139 ./libopencm3//lib/libopencm3_stm32f1.a(rcc_common_all.o)
 .debug_abbrev  0x00000000000008be       0x8a ./libopencm3//lib/libopencm3_stm32f1.a(flash_common_all.o)
 .debug_abbrev  0x0000000000000948      0x127 ./libopencm3//lib/libopencm3_stm32f1.a(vector.o)
 .debug_abbrev  0x0000000000000a6f       0xa6 ./libopencm3//lib/libopencm3_stm32f1.a(nvic.o)

.debug_loc      0x0000000000000000     0x118a
 .debug_loc     0x0000000000000000       0x88 main.o
 .debug_loc     0x0000000000000088      0x48a ./libopencm3//lib/libopencm3_stm32f1.a(gpio.o)
 .debug_loc     0x0000000000000512      0x480 ./libopencm3//lib/libopencm3_stm32f1.a(rcc.o)
 .debug_loc     0x0000000000000992       0x97 ./libopencm3//lib/libopencm3_stm32f1.a(gpio_common_all.o)
 .debug_loc     0x0000000000000a29      0x407 ./libopencm3//lib/libopencm3_stm32f1.a(timer_common_all.o)
 .debug_loc     0x0000000000000e30      0x108 ./libopencm3//lib/libopencm3_stm32f1.a(rcc_common_all.o)
 .debug_loc     0x0000000000000f38       0x3f ./libopencm3//lib/libopencm3_stm32f1.a(flash_common_all.o)
 .debug_loc     0x0000000000000f77       0xea ./libopencm3//lib/libopencm3_stm32f1.a(vector.o)
 .debug_loc     0x0000000000001061      0x129 ./libopencm3//lib/libopencm3_stm32f1.a(nvic.o)

.debug_aranges  0x0000000000000000      0x5a8
 .debug_aranges
                0x0000000000000000       0x30 main.o
 .debug_aranges
                0x0000000000000030       0x38 ./libopencm3//lib/libopencm3_stm32f1.a(gpio.o)
 .debug_aranges
                0x0000000000000068      0x158 ./libopencm3//lib/libopencm3_stm32f1.a(rcc.o)
 .debug_aranges
                0x00000000000001c0       0x50 ./libopencm3//lib/libopencm3_stm32f1.a(gpio_common_all.o)
 .debug_aranges
                0x0000000000000210      0x268 ./libopencm3//lib/libopencm3_stm32f1.a(timer_common_all.o)
 .debug_aranges
                0x0000000000000478       0x68 ./libopencm3//lib/libopencm3_stm32f1.a(rcc_common_all.o)
 .debug_aranges
                0x00000000000004e0       0x38 ./libopencm3//lib/libopencm3_stm32f1.a(flash_common_all.o)
 .debug_aranges
                0x0000000000000518       0x30 ./libopencm3//lib/libopencm3_stm32f1.a(vector.o)
 .debug_aranges
                0x0000000000000548       0x60 ./libopencm3//lib/libopencm3_stm32f1.a(nvic.o)

.debug_ranges   0x0000000000000000      0x5a8
 .debug_ranges  0x0000000000000000       0x50 main.o
 .debug_ranges  0x0000000000000050       0x28 ./libopencm3//lib/libopencm3_stm32f1.a(gpio.o)
 .debug_ranges  0x0000000000000078      0x1a8 ./libopencm3//lib/libopencm3_stm32f1.a(rcc.o)
 .debug_ranges  0x0000000000000220       0x40 ./libopencm3//lib/libopencm3_stm32f1.a(gpio_common_all.o)
 .debug_ranges  0x0000000000000260      0x258 ./libopencm3//lib/libopencm3_stm32f1.a(timer_common_all.o)
 .debug_ranges  0x00000000000004b8       0x58 ./libopencm3//lib/libopencm3_stm32f1.a(rcc_common_all.o)
 .debug_ranges  0x0000000000000510       0x28 ./libopencm3//lib/libopencm3_stm32f1.a(flash_common_all.o)
 .debug_ranges  0x0000000000000538       0x20 ./libopencm3//lib/libopencm3_stm32f1.a(vector.o)
 .debug_ranges  0x0000000000000558       0x50 ./libopencm3//lib/libopencm3_stm32f1.a(nvic.o)

.debug_macro    0x0000000000000000     0x56e9
 .debug_macro   0x0000000000000000      0x120 main.o
 .debug_macro   0x0000000000000120      0xb44 main.o
 .debug_macro   0x0000000000000c64       0x1c main.o
 .debug_macro   0x0000000000000c80       0x22 main.o
 .debug_macro   0x0000000000000ca2       0x8e main.o
 .debug_macro   0x0000000000000d30       0x51 main.o
 .debug_macro   0x0000000000000d81       0xef main.o
 .debug_macro   0x0000000000000e70       0x6a main.o
 .debug_macro   0x0000000000000eda      0x1df main.o
 .debug_macro   0x00000000000010b9       0x16 main.o
 .debug_macro   0x00000000000010cf       0xfa main.o
 .debug_macro   0x00000000000011c9       0x58 main.o
 .debug_macro   0x0000000000001221       0x64 main.o
 .debug_macro   0x0000000000001285      0x1a2 main.o
 .debug_macro   0x0000000000001427      0x1ba main.o
 .debug_macro   0x00000000000015e1      0x82c main.o
 .debug_macro   0x0000000000001e0d       0x76 main.o
 .debug_macro   0x0000000000001e83      0xdfd main.o
 .debug_macro   0x0000000000002c80      0xf96 main.o
 .debug_macro   0x0000000000003c16       0xb9 ./libopencm3//lib/libopencm3_stm32f1.a(gpio.o)
 .debug_macro   0x0000000000003ccf      0xa4e ./libopencm3//lib/libopencm3_stm32f1.a(gpio.o)
 .debug_macro   0x000000000000471d       0x56 ./libopencm3//lib/libopencm3_stm32f1.a(gpio.o)
 .debug_macro   0x0000000000004773       0x22 ./libopencm3//lib/libopencm3_stm32f1.a(gpio.o)
 .debug_macro   0x0000000000004795       0xfa ./libopencm3//lib/libopencm3_stm32f1.a(gpio.o)
 .debug_macro   0x000000000000488f      0x1b4 ./libopencm3//lib/libopencm3_stm32f1.a(gpio.o)
 .debug_macro   0x0000000000004a43       0xe8 ./libopencm3//lib/libopencm3_stm32f1.a(rcc.o)
 .debug_macro   0x0000000000004b2b       0x16 ./libopencm3//lib/libopencm3_stm32f1.a(rcc.o)
 .debug_macro   0x0000000000004b41       0xee ./libopencm3//lib/libopencm3_stm32f1.a(rcc.o)
 .debug_macro   0x0000000000004c2f       0x82 ./libopencm3//lib/libopencm3_stm32f1.a(rcc.o)
 .debug_macro   0x0000000000004cb1       0xb9 ./libopencm3//lib/libopencm3_stm32f1.a(gpio_common_all.o)
 .debug_macro   0x0000000000004d6a       0xcc ./libopencm3//lib/libopencm3_stm32f1.a(timer_common_all.o)
 .debug_macro   0x0000000000004e36       0xcf ./libopencm3//lib/libopencm3_stm32f1.a(rcc_common_all.o)
 .debug_macro   0x0000000000004f05       0xc1 ./libopencm3//lib/libopencm3_stm32f1.a(flash_common_all.o)
 .debug_macro   0x0000000000004fc6       0xd0 ./libopencm3//lib/libopencm3_stm32f1.a(vector.o)
 .debug_macro   0x0000000000005096      0x3a1 ./libopencm3//lib/libopencm3_stm32f1.a(vector.o)
 .debug_macro   0x0000000000005437       0x6a ./libopencm3//lib/libopencm3_stm32f1.a(vector.o)
 .debug_macro   0x00000000000054a1       0xb4 ./libopencm3//lib/libopencm3_stm32f1.a(nvic.o)
 .debug_macro   0x0000000000005555      0x194 ./libopencm3//lib/libopencm3_stm32f1.a(nvic.o)

.debug_line     0x0000000000000000     0x2ca3
 .debug_line    0x0000000000000000      0x44f main.o
 .debug_line    0x000000000000044f      0x3a4 ./libopencm3//lib/libopencm3_stm32f1.a(gpio.o)
 .debug_line    0x00000000000007f3      0x79f ./libopencm3//lib/libopencm3_stm32f1.a(rcc.o)
 .debug_line    0x0000000000000f92      0x3db ./libopencm3//lib/libopencm3_stm32f1.a(gpio_common_all.o)
 .debug_line    0x000000000000136d      0x9bd ./libopencm3//lib/libopencm3_stm32f1.a(timer_common_all.o)
 .debug_line    0x0000000000001d2a      0x40f ./libopencm3//lib/libopencm3_stm32f1.a(rcc_common_all.o)
 .debug_line    0x0000000000002139      0x3cc ./libopencm3//lib/libopencm3_stm32f1.a(flash_common_all.o)
 .debug_line    0x0000000000002505      0x3f2 ./libopencm3//lib/libopencm3_stm32f1.a(vector.o)
 .debug_line    0x00000000000028f7      0x3ac ./libopencm3//lib/libopencm3_stm32f1.a(nvic.o)

.debug_str      0x0000000000000000    0x13b84
 .debug_str     0x0000000000000000     0xfa8b main.o
                                       0xfc14 (size before relaxing)
 .debug_str     0x000000000000fa8b      0x304 ./libopencm3//lib/libopencm3_stm32f1.a(gpio.o)
                                       0x842b (size before relaxing)
 .debug_str     0x000000000000fd8f      0xc8c ./libopencm3//lib/libopencm3_stm32f1.a(rcc.o)
                                       0x7d36 (size before relaxing)
 .debug_str     0x0000000000010a1b       0x65 ./libopencm3//lib/libopencm3_stm32f1.a(gpio_common_all.o)
                                       0x841f (size before relaxing)
 .debug_str     0x0000000000010a80      0x9b9 ./libopencm3//lib/libopencm3_stm32f1.a(timer_common_all.o)
                                       0xbc05 (size before relaxing)
 .debug_str     0x0000000000011439      0x168 ./libopencm3//lib/libopencm3_stm32f1.a(rcc_common_all.o)
                                       0x764c (size before relaxing)
 .debug_str     0x00000000000115a1       0x64 ./libopencm3//lib/libopencm3_stm32f1.a(flash_common_all.o)
                                       0x540f (size before relaxing)
 .debug_str     0x0000000000011605     0x1cff ./libopencm3//lib/libopencm3_stm32f1.a(vector.o)
                                       0x6573 (size before relaxing)
 .debug_str     0x0000000000013304      0x880 ./libopencm3//lib/libopencm3_stm32f1.a(nvic.o)
                                       0x5128 (size before relaxing)

.comment        0x0000000000000000       0x71
 .comment       0x0000000000000000       0x71 main.o
                                         0x72 (size before relaxing)
 .comment       0x0000000000000071       0x72 ./libopencm3//lib/libopencm3_stm32f1.a(gpio.o)
 .comment       0x0000000000000071       0x72 ./libopencm3//lib/libopencm3_stm32f1.a(rcc.o)
 .comment       0x0000000000000071       0x72 ./libopencm3//lib/libopencm3_stm32f1.a(gpio_common_all.o)
 .comment       0x0000000000000071       0x72 ./libopencm3//lib/libopencm3_stm32f1.a(timer_common_all.o)
 .comment       0x0000000000000071       0x72 ./libopencm3//lib/libopencm3_stm32f1.a(rcc_common_all.o)
 .comment       0x0000000000000071       0x72 ./libopencm3//lib/libopencm3_stm32f1.a(flash_common_all.o)
 .comment       0x0000000000000071       0x72 ./libopencm3//lib/libopencm3_stm32f1.a(vector.o)
 .comment       0x0000000000000071       0x72 ./libopencm3//lib/libopencm3_stm32f1.a(nvic.o)

.ARM.attributes
                0x0000000000000000       0x31
 .ARM.attributes
                0x0000000000000000       0x33 main.o
 .ARM.attributes
                0x0000000000000033       0x33 ./libopencm3//lib/libopencm3_stm32f1.a(gpio.o)
 .ARM.attributes
                0x0000000000000066       0x33 ./libopencm3//lib/libopencm3_stm32f1.a(rcc.o)
 .ARM.attributes
                0x0000000000000099       0x33 ./libopencm3//lib/libopencm3_stm32f1.a(gpio_common_all.o)
 .ARM.attributes
                0x00000000000000cc       0x33 ./libopencm3//lib/libopencm3_stm32f1.a(timer_common_all.o)
 .ARM.attributes
                0x00000000000000ff       0x33 ./libopencm3//lib/libopencm3_stm32f1.a(rcc_common_all.o)
 .ARM.attributes
                0x0000000000000132       0x33 ./libopencm3//lib/libopencm3_stm32f1.a(flash_common_all.o)
 .ARM.attributes
                0x0000000000000165       0x33 ./libopencm3//lib/libopencm3_stm32f1.a(vector.o)
 .ARM.attributes
                0x0000000000000198       0x33 ./libopencm3//lib/libopencm3_stm32f1.a(nvic.o)

.debug_frame    0x0000000000000000      0xaf8
 .debug_frame   0x0000000000000000       0x58 main.o
 .debug_frame   0x0000000000000058       0x64 ./libopencm3//lib/libopencm3_stm32f1.a(gpio.o)
 .debug_frame   0x00000000000000bc      0x2e0 ./libopencm3//lib/libopencm3_stm32f1.a(rcc.o)
 .debug_frame   0x000000000000039c       0x80 ./libopencm3//lib/libopencm3_stm32f1.a(gpio_common_all.o)
 .debug_frame   0x000000000000041c      0x4d0 ./libopencm3//lib/libopencm3_stm32f1.a(timer_common_all.o)
 .debug_frame   0x00000000000008ec       0xd0 ./libopencm3//lib/libopencm3_stm32f1.a(rcc_common_all.o)
 .debug_frame   0x00000000000009bc       0x50 ./libopencm3//lib/libopencm3_stm32f1.a(flash_common_all.o)
 .debug_frame   0x0000000000000a0c       0x4c ./libopencm3//lib/libopencm3_stm32f1.a(vector.o)
 .debug_frame   0x0000000000000a58       0xa0 ./libopencm3//lib/libopencm3_stm32f1.a(nvic.o)

.stabstr        0x0000000000000000       0x76
 .stabstr       0x0000000000000000       0x76 /Users/assetmalik/opt/gnu-mcu-eclipse/arm-none-eabi-gcc/7.3.1-1.1-20180724-0637/bin/../lib/gcc/arm-none-eabi/7.3.1/../../../../arm-none-eabi/lib/thumb/v7-m/libnosys.a(getpid.o)

Cross Reference Table

Symbol                                            File
_Unwind_Backtrace                                 /Users/assetmalik/opt/gnu-mcu-eclipse/arm-none-eabi-gcc/7.3.1-1.1-20180724-0637/bin/../lib/gcc/arm-none-eabi/7.3.1/thumb/v7-m/libgcc.a(libunwind.o)
_Unwind_Complete                                  /Users/assetmalik/opt/gnu-mcu-eclipse/arm-none-eabi-gcc/7.3.1-1.1-20180724-0637/bin/../lib/gcc/arm-none-eabi/7.3.1/thumb/v7-m/libgcc.a(unwind-arm.o)
_Unwind_DeleteException                           /Users/assetmalik/opt/gnu-mcu-eclipse/arm-none-eabi-gcc/7.3.1-1.1-20180724-0637/bin/../lib/gcc/arm-none-eabi/7.3.1/thumb/v7-m/libgcc.a(unwind-arm.o)
_Unwind_ForcedUnwind                              /Users/assetmalik/opt/gnu-mcu-eclipse/arm-none-eabi-gcc/7.3.1-1.1-20180724-0637/bin/../lib/gcc/arm-none-eabi/7.3.1/thumb/v7-m/libgcc.a(libunwind.o)
_Unwind_GetCFA                                    /Users/assetmalik/opt/gnu-mcu-eclipse/arm-none-eabi-gcc/7.3.1-1.1-20180724-0637/bin/../lib/gcc/arm-none-eabi/7.3.1/thumb/v7-m/libgcc.a(unwind-arm.o)
_Unwind_GetDataRelBase                            /Users/assetmalik/opt/gnu-mcu-eclipse/arm-none-eabi-gcc/7.3.1-1.1-20180724-0637/bin/../lib/gcc/arm-none-eabi/7.3.1/thumb/v7-m/libgcc.a(pr-support.o)
_Unwind_GetLanguageSpecificData                   /Users/assetmalik/opt/gnu-mcu-eclipse/arm-none-eabi-gcc/7.3.1-1.1-20180724-0637/bin/../lib/gcc/arm-none-eabi/7.3.1/thumb/v7-m/libgcc.a(pr-support.o)
_Unwind_GetRegionStart                            /Users/assetmalik/opt/gnu-mcu-eclipse/arm-none-eabi-gcc/7.3.1-1.1-20180724-0637/bin/../lib/gcc/arm-none-eabi/7.3.1/thumb/v7-m/libgcc.a(pr-support.o)
_Unwind_GetTextRelBase                            /Users/assetmalik/opt/gnu-mcu-eclipse/arm-none-eabi-gcc/7.3.1-1.1-20180724-0637/bin/../lib/gcc/arm-none-eabi/7.3.1/thumb/v7-m/libgcc.a(pr-support.o)
_Unwind_RaiseException                            /Users/assetmalik/opt/gnu-mcu-eclipse/arm-none-eabi-gcc/7.3.1-1.1-20180724-0637/bin/../lib/gcc/arm-none-eabi/7.3.1/thumb/v7-m/libgcc.a(libunwind.o)
_Unwind_Resume                                    /Users/assetmalik/opt/gnu-mcu-eclipse/arm-none-eabi-gcc/7.3.1-1.1-20180724-0637/bin/../lib/gcc/arm-none-eabi/7.3.1/thumb/v7-m/libgcc.a(libunwind.o)
_Unwind_Resume_or_Rethrow                         /Users/assetmalik/opt/gnu-mcu-eclipse/arm-none-eabi-gcc/7.3.1-1.1-20180724-0637/bin/../lib/gcc/arm-none-eabi/7.3.1/thumb/v7-m/libgcc.a(libunwind.o)
_Unwind_VRS_Get                                   /Users/assetmalik/opt/gnu-mcu-eclipse/arm-none-eabi-gcc/7.3.1-1.1-20180724-0637/bin/../lib/gcc/arm-none-eabi/7.3.1/thumb/v7-m/libgcc.a(unwind-arm.o)
                                                  /Users/assetmalik/opt/gnu-mcu-eclipse/arm-none-eabi-gcc/7.3.1-1.1-20180724-0637/bin/../lib/gcc/arm-none-eabi/7.3.1/thumb/v7-m/libgcc.a(pr-support.o)
_Unwind_VRS_Pop                                   /Users/assetmalik/opt/gnu-mcu-eclipse/arm-none-eabi-gcc/7.3.1-1.1-20180724-0637/bin/../lib/gcc/arm-none-eabi/7.3.1/thumb/v7-m/libgcc.a(unwind-arm.o)
                                                  /Users/assetmalik/opt/gnu-mcu-eclipse/arm-none-eabi-gcc/7.3.1-1.1-20180724-0637/bin/../lib/gcc/arm-none-eabi/7.3.1/thumb/v7-m/libgcc.a(pr-support.o)
_Unwind_VRS_Set                                   /Users/assetmalik/opt/gnu-mcu-eclipse/arm-none-eabi-gcc/7.3.1-1.1-20180724-0637/bin/../lib/gcc/arm-none-eabi/7.3.1/thumb/v7-m/libgcc.a(unwind-arm.o)
                                                  /Users/assetmalik/opt/gnu-mcu-eclipse/arm-none-eabi-gcc/7.3.1-1.1-20180724-0637/bin/../lib/gcc/arm-none-eabi/7.3.1/thumb/v7-m/libgcc.a(pr-support.o)
___Unwind_Backtrace                               /Users/assetmalik/opt/gnu-mcu-eclipse/arm-none-eabi-gcc/7.3.1-1.1-20180724-0637/bin/../lib/gcc/arm-none-eabi/7.3.1/thumb/v7-m/libgcc.a(libunwind.o)
___Unwind_ForcedUnwind                            /Users/assetmalik/opt/gnu-mcu-eclipse/arm-none-eabi-gcc/7.3.1-1.1-20180724-0637/bin/../lib/gcc/arm-none-eabi/7.3.1/thumb/v7-m/libgcc.a(libunwind.o)
___Unwind_RaiseException                          /Users/assetmalik/opt/gnu-mcu-eclipse/arm-none-eabi-gcc/7.3.1-1.1-20180724-0637/bin/../lib/gcc/arm-none-eabi/7.3.1/thumb/v7-m/libgcc.a(libunwind.o)
___Unwind_Resume                                  /Users/assetmalik/opt/gnu-mcu-eclipse/arm-none-eabi-gcc/7.3.1-1.1-20180724-0637/bin/../lib/gcc/arm-none-eabi/7.3.1/thumb/v7-m/libgcc.a(libunwind.o)
___Unwind_Resume_or_Rethrow                       /Users/assetmalik/opt/gnu-mcu-eclipse/arm-none-eabi-gcc/7.3.1-1.1-20180724-0637/bin/../lib/gcc/arm-none-eabi/7.3.1/thumb/v7-m/libgcc.a(libunwind.o)
__aeabi_unwind_cpp_pr0                            /Users/assetmalik/opt/gnu-mcu-eclipse/arm-none-eabi-gcc/7.3.1-1.1-20180724-0637/bin/../lib/gcc/arm-none-eabi/7.3.1/thumb/v7-m/libgcc.a(unwind-arm.o)
                                                  /Users/assetmalik/opt/gnu-mcu-eclipse/arm-none-eabi-gcc/7.3.1-1.1-20180724-0637/bin/../lib/gcc/arm-none-eabi/7.3.1/thumb/v7-m/libgcc.a(pr-support.o)
                                                  main.o
__aeabi_unwind_cpp_pr1                            /Users/assetmalik/opt/gnu-mcu-eclipse/arm-none-eabi-gcc/7.3.1-1.1-20180724-0637/bin/../lib/gcc/arm-none-eabi/7.3.1/thumb/v7-m/libgcc.a(unwind-arm.o)
                                                  /Users/assetmalik/opt/gnu-mcu-eclipse/arm-none-eabi-gcc/7.3.1-1.1-20180724-0637/bin/../lib/gcc/arm-none-eabi/7.3.1/thumb/v7-m/libgcc.a(pr-support.o)
__aeabi_unwind_cpp_pr2                            /Users/assetmalik/opt/gnu-mcu-eclipse/arm-none-eabi-gcc/7.3.1-1.1-20180724-0637/bin/../lib/gcc/arm-none-eabi/7.3.1/thumb/v7-m/libgcc.a(unwind-arm.o)
__cxa_begin_cleanup                               /Users/assetmalik/opt/gnu-mcu-eclipse/arm-none-eabi-gcc/7.3.1-1.1-20180724-0637/bin/../lib/gcc/arm-none-eabi/7.3.1/thumb/v7-m/libgcc.a(unwind-arm.o)
__cxa_call_unexpected                             /Users/assetmalik/opt/gnu-mcu-eclipse/arm-none-eabi-gcc/7.3.1-1.1-20180724-0637/bin/../lib/gcc/arm-none-eabi/7.3.1/thumb/v7-m/libgcc.a(unwind-arm.o)
__cxa_type_match                                  /Users/assetmalik/opt/gnu-mcu-eclipse/arm-none-eabi-gcc/7.3.1-1.1-20180724-0637/bin/../lib/gcc/arm-none-eabi/7.3.1/thumb/v7-m/libgcc.a(unwind-arm.o)
__exidx_end                                       /Users/assetmalik/opt/gnu-mcu-eclipse/arm-none-eabi-gcc/7.3.1-1.1-20180724-0637/bin/../lib/gcc/arm-none-eabi/7.3.1/thumb/v7-m/libgcc.a(unwind-arm.o)
__exidx_start                                     /Users/assetmalik/opt/gnu-mcu-eclipse/arm-none-eabi-gcc/7.3.1-1.1-20180724-0637/bin/../lib/gcc/arm-none-eabi/7.3.1/thumb/v7-m/libgcc.a(unwind-arm.o)
__fini_array_end                                  ./libopencm3//lib/libopencm3_stm32f1.a(vector.o)
__fini_array_start                                ./libopencm3//lib/libopencm3_stm32f1.a(vector.o)
__gnu_Unwind_Backtrace                            /Users/assetmalik/opt/gnu-mcu-eclipse/arm-none-eabi-gcc/7.3.1-1.1-20180724-0637/bin/../lib/gcc/arm-none-eabi/7.3.1/thumb/v7-m/libgcc.a(unwind-arm.o)
                                                  /Users/assetmalik/opt/gnu-mcu-eclipse/arm-none-eabi-gcc/7.3.1-1.1-20180724-0637/bin/../lib/gcc/arm-none-eabi/7.3.1/thumb/v7-m/libgcc.a(libunwind.o)
__gnu_Unwind_Find_exidx                           /Users/assetmalik/opt/gnu-mcu-eclipse/arm-none-eabi-gcc/7.3.1-1.1-20180724-0637/bin/../lib/gcc/arm-none-eabi/7.3.1/thumb/v7-m/libgcc.a(unwind-arm.o)
__gnu_Unwind_ForcedUnwind                         /Users/assetmalik/opt/gnu-mcu-eclipse/arm-none-eabi-gcc/7.3.1-1.1-20180724-0637/bin/../lib/gcc/arm-none-eabi/7.3.1/thumb/v7-m/libgcc.a(unwind-arm.o)
                                                  /Users/assetmalik/opt/gnu-mcu-eclipse/arm-none-eabi-gcc/7.3.1-1.1-20180724-0637/bin/../lib/gcc/arm-none-eabi/7.3.1/thumb/v7-m/libgcc.a(libunwind.o)
__gnu_Unwind_RaiseException                       /Users/assetmalik/opt/gnu-mcu-eclipse/arm-none-eabi-gcc/7.3.1-1.1-20180724-0637/bin/../lib/gcc/arm-none-eabi/7.3.1/thumb/v7-m/libgcc.a(unwind-arm.o)
                                                  /Users/assetmalik/opt/gnu-mcu-eclipse/arm-none-eabi-gcc/7.3.1-1.1-20180724-0637/bin/../lib/gcc/arm-none-eabi/7.3.1/thumb/v7-m/libgcc.a(libunwind.o)
__gnu_Unwind_Restore_VFP                          /Users/assetmalik/opt/gnu-mcu-eclipse/arm-none-eabi-gcc/7.3.1-1.1-20180724-0637/bin/../lib/gcc/arm-none-eabi/7.3.1/thumb/v7-m/libgcc.a(libunwind.o)
                                                  /Users/assetmalik/opt/gnu-mcu-eclipse/arm-none-eabi-gcc/7.3.1-1.1-20180724-0637/bin/../lib/gcc/arm-none-eabi/7.3.1/thumb/v7-m/libgcc.a(unwind-arm.o)
__gnu_Unwind_Restore_VFP_D                        /Users/assetmalik/opt/gnu-mcu-eclipse/arm-none-eabi-gcc/7.3.1-1.1-20180724-0637/bin/../lib/gcc/arm-none-eabi/7.3.1/thumb/v7-m/libgcc.a(libunwind.o)
                                                  /Users/assetmalik/opt/gnu-mcu-eclipse/arm-none-eabi-gcc/7.3.1-1.1-20180724-0637/bin/../lib/gcc/arm-none-eabi/7.3.1/thumb/v7-m/libgcc.a(unwind-arm.o)
__gnu_Unwind_Restore_VFP_D_16_to_31               /Users/assetmalik/opt/gnu-mcu-eclipse/arm-none-eabi-gcc/7.3.1-1.1-20180724-0637/bin/../lib/gcc/arm-none-eabi/7.3.1/thumb/v7-m/libgcc.a(libunwind.o)
                                                  /Users/assetmalik/opt/gnu-mcu-eclipse/arm-none-eabi-gcc/7.3.1-1.1-20180724-0637/bin/../lib/gcc/arm-none-eabi/7.3.1/thumb/v7-m/libgcc.a(unwind-arm.o)
__gnu_Unwind_Restore_WMMXC                        /Users/assetmalik/opt/gnu-mcu-eclipse/arm-none-eabi-gcc/7.3.1-1.1-20180724-0637/bin/../lib/gcc/arm-none-eabi/7.3.1/thumb/v7-m/libgcc.a(libunwind.o)
                                                  /Users/assetmalik/opt/gnu-mcu-eclipse/arm-none-eabi-gcc/7.3.1-1.1-20180724-0637/bin/../lib/gcc/arm-none-eabi/7.3.1/thumb/v7-m/libgcc.a(unwind-arm.o)
__gnu_Unwind_Restore_WMMXD                        /Users/assetmalik/opt/gnu-mcu-eclipse/arm-none-eabi-gcc/7.3.1-1.1-20180724-0637/bin/../lib/gcc/arm-none-eabi/7.3.1/thumb/v7-m/libgcc.a(libunwind.o)
                                                  /Users/assetmalik/opt/gnu-mcu-eclipse/arm-none-eabi-gcc/7.3.1-1.1-20180724-0637/bin/../lib/gcc/arm-none-eabi/7.3.1/thumb/v7-m/libgcc.a(unwind-arm.o)
__gnu_Unwind_Resume                               /Users/assetmalik/opt/gnu-mcu-eclipse/arm-none-eabi-gcc/7.3.1-1.1-20180724-0637/bin/../lib/gcc/arm-none-eabi/7.3.1/thumb/v7-m/libgcc.a(unwind-arm.o)
                                                  /Users/assetmalik/opt/gnu-mcu-eclipse/arm-none-eabi-gcc/7.3.1-1.1-20180724-0637/bin/../lib/gcc/arm-none-eabi/7.3.1/thumb/v7-m/libgcc.a(libunwind.o)
__gnu_Unwind_Resume_or_Rethrow                    /Users/assetmalik/opt/gnu-mcu-eclipse/arm-none-eabi-gcc/7.3.1-1.1-20180724-0637/bin/../lib/gcc/arm-none-eabi/7.3.1/thumb/v7-m/libgcc.a(unwind-arm.o)
                                                  /Users/assetmalik/opt/gnu-mcu-eclipse/arm-none-eabi-gcc/7.3.1-1.1-20180724-0637/bin/../lib/gcc/arm-none-eabi/7.3.1/thumb/v7-m/libgcc.a(libunwind.o)
__gnu_Unwind_Save_VFP                             /Users/assetmalik/opt/gnu-mcu-eclipse/arm-none-eabi-gcc/7.3.1-1.1-20180724-0637/bin/../lib/gcc/arm-none-eabi/7.3.1/thumb/v7-m/libgcc.a(libunwind.o)
                                                  /Users/assetmalik/opt/gnu-mcu-eclipse/arm-none-eabi-gcc/7.3.1-1.1-20180724-0637/bin/../lib/gcc/arm-none-eabi/7.3.1/thumb/v7-m/libgcc.a(unwind-arm.o)
__gnu_Unwind_Save_VFP_D                           /Users/assetmalik/opt/gnu-mcu-eclipse/arm-none-eabi-gcc/7.3.1-1.1-20180724-0637/bin/../lib/gcc/arm-none-eabi/7.3.1/thumb/v7-m/libgcc.a(libunwind.o)
                                                  /Users/assetmalik/opt/gnu-mcu-eclipse/arm-none-eabi-gcc/7.3.1-1.1-20180724-0637/bin/../lib/gcc/arm-none-eabi/7.3.1/thumb/v7-m/libgcc.a(unwind-arm.o)
__gnu_Unwind_Save_VFP_D_16_to_31                  /Users/assetmalik/opt/gnu-mcu-eclipse/arm-none-eabi-gcc/7.3.1-1.1-20180724-0637/bin/../lib/gcc/arm-none-eabi/7.3.1/thumb/v7-m/libgcc.a(libunwind.o)
                                                  /Users/assetmalik/opt/gnu-mcu-eclipse/arm-none-eabi-gcc/7.3.1-1.1-20180724-0637/bin/../lib/gcc/arm-none-eabi/7.3.1/thumb/v7-m/libgcc.a(unwind-arm.o)
__gnu_Unwind_Save_WMMXC                           /Users/assetmalik/opt/gnu-mcu-eclipse/arm-none-eabi-gcc/7.3.1-1.1-20180724-0637/bin/../lib/gcc/arm-none-eabi/7.3.1/thumb/v7-m/libgcc.a(libunwind.o)
                                                  /Users/assetmalik/opt/gnu-mcu-eclipse/arm-none-eabi-gcc/7.3.1-1.1-20180724-0637/bin/../lib/gcc/arm-none-eabi/7.3.1/thumb/v7-m/libgcc.a(unwind-arm.o)
__gnu_Unwind_Save_WMMXD                           /Users/assetmalik/opt/gnu-mcu-eclipse/arm-none-eabi-gcc/7.3.1-1.1-20180724-0637/bin/../lib/gcc/arm-none-eabi/7.3.1/thumb/v7-m/libgcc.a(libunwind.o)
                                                  /Users/assetmalik/opt/gnu-mcu-eclipse/arm-none-eabi-gcc/7.3.1-1.1-20180724-0637/bin/../lib/gcc/arm-none-eabi/7.3.1/thumb/v7-m/libgcc.a(unwind-arm.o)
__gnu_unwind_execute                              /Users/assetmalik/opt/gnu-mcu-eclipse/arm-none-eabi-gcc/7.3.1-1.1-20180724-0637/bin/../lib/gcc/arm-none-eabi/7.3.1/thumb/v7-m/libgcc.a(pr-support.o)
                                                  /Users/assetmalik/opt/gnu-mcu-eclipse/arm-none-eabi-gcc/7.3.1-1.1-20180724-0637/bin/../lib/gcc/arm-none-eabi/7.3.1/thumb/v7-m/libgcc.a(unwind-arm.o)
__gnu_unwind_frame                                /Users/assetmalik/opt/gnu-mcu-eclipse/arm-none-eabi-gcc/7.3.1-1.1-20180724-0637/bin/../lib/gcc/arm-none-eabi/7.3.1/thumb/v7-m/libgcc.a(pr-support.o)
__init_array_end                                  ./libopencm3//lib/libopencm3_stm32f1.a(vector.o)
__init_array_start                                ./libopencm3//lib/libopencm3_stm32f1.a(vector.o)
__lock___arc4random_mutex                         /Users/assetmalik/opt/gnu-mcu-eclipse/arm-none-eabi-gcc/7.3.1-1.1-20180724-0637/bin/../lib/gcc/arm-none-eabi/7.3.1/../../../../arm-none-eabi/lib/thumb/v7-m/libc.a(lib_a-lock.o)
__lock___at_quick_exit_mutex                      /Users/assetmalik/opt/gnu-mcu-eclipse/arm-none-eabi-gcc/7.3.1-1.1-20180724-0637/bin/../lib/gcc/arm-none-eabi/7.3.1/../../../../arm-none-eabi/lib/thumb/v7-m/libc.a(lib_a-lock.o)
__lock___atexit_recursive_mutex                   /Users/assetmalik/opt/gnu-mcu-eclipse/arm-none-eabi-gcc/7.3.1-1.1-20180724-0637/bin/../lib/gcc/arm-none-eabi/7.3.1/../../../../arm-none-eabi/lib/thumb/v7-m/libc.a(lib_a-lock.o)
__lock___dd_hash_mutex                            /Users/assetmalik/opt/gnu-mcu-eclipse/arm-none-eabi-gcc/7.3.1-1.1-20180724-0637/bin/../lib/gcc/arm-none-eabi/7.3.1/../../../../arm-none-eabi/lib/thumb/v7-m/libc.a(lib_a-lock.o)
__lock___env_recursive_mutex                      /Users/assetmalik/opt/gnu-mcu-eclipse/arm-none-eabi-gcc/7.3.1-1.1-20180724-0637/bin/../lib/gcc/arm-none-eabi/7.3.1/../../../../arm-none-eabi/lib/thumb/v7-m/libc.a(lib_a-lock.o)
__lock___malloc_recursive_mutex                   /Users/assetmalik/opt/gnu-mcu-eclipse/arm-none-eabi-gcc/7.3.1-1.1-20180724-0637/bin/../lib/gcc/arm-none-eabi/7.3.1/../../../../arm-none-eabi/lib/thumb/v7-m/libc.a(lib_a-lock.o)
                                                  /Users/assetmalik/opt/gnu-mcu-eclipse/arm-none-eabi-gcc/7.3.1-1.1-20180724-0637/bin/../lib/gcc/arm-none-eabi/7.3.1/../../../../arm-none-eabi/lib/thumb/v7-m/libc.a(lib_a-mlock.o)
__lock___sfp_recursive_mutex                      /Users/assetmalik/opt/gnu-mcu-eclipse/arm-none-eabi-gcc/7.3.1-1.1-20180724-0637/bin/../lib/gcc/arm-none-eabi/7.3.1/../../../../arm-none-eabi/lib/thumb/v7-m/libc.a(lib_a-lock.o)
__lock___sinit_recursive_mutex                    /Users/assetmalik/opt/gnu-mcu-eclipse/arm-none-eabi-gcc/7.3.1-1.1-20180724-0637/bin/../lib/gcc/arm-none-eabi/7.3.1/../../../../arm-none-eabi/lib/thumb/v7-m/libc.a(lib_a-lock.o)
__lock___tz_mutex                                 /Users/assetmalik/opt/gnu-mcu-eclipse/arm-none-eabi-gcc/7.3.1-1.1-20180724-0637/bin/../lib/gcc/arm-none-eabi/7.3.1/../../../../arm-none-eabi/lib/thumb/v7-m/libc.a(lib_a-lock.o)
__malloc_av_                                      /Users/assetmalik/opt/gnu-mcu-eclipse/arm-none-eabi-gcc/7.3.1-1.1-20180724-0637/bin/../lib/gcc/arm-none-eabi/7.3.1/../../../../arm-none-eabi/lib/thumb/v7-m/libc.a(lib_a-mallocr.o)
                                                  /Users/assetmalik/opt/gnu-mcu-eclipse/arm-none-eabi-gcc/7.3.1-1.1-20180724-0637/bin/../lib/gcc/arm-none-eabi/7.3.1/../../../../arm-none-eabi/lib/thumb/v7-m/libc.a(lib_a-freer.o)
__malloc_current_mallinfo                         /Users/assetmalik/opt/gnu-mcu-eclipse/arm-none-eabi-gcc/7.3.1-1.1-20180724-0637/bin/../lib/gcc/arm-none-eabi/7.3.1/../../../../arm-none-eabi/lib/thumb/v7-m/libc.a(lib_a-mallocr.o)
                                                  /Users/assetmalik/opt/gnu-mcu-eclipse/arm-none-eabi-gcc/7.3.1-1.1-20180724-0637/bin/../lib/gcc/arm-none-eabi/7.3.1/../../../../arm-none-eabi/lib/thumb/v7-m/libc.a(lib_a-freer.o)
__malloc_lock                                     /Users/assetmalik/opt/gnu-mcu-eclipse/arm-none-eabi-gcc/7.3.1-1.1-20180724-0637/bin/../lib/gcc/arm-none-eabi/7.3.1/../../../../arm-none-eabi/lib/thumb/v7-m/libc.a(lib_a-mlock.o)
                                                  /Users/assetmalik/opt/gnu-mcu-eclipse/arm-none-eabi-gcc/7.3.1-1.1-20180724-0637/bin/../lib/gcc/arm-none-eabi/7.3.1/../../../../arm-none-eabi/lib/thumb/v7-m/libc.a(lib_a-freer.o)
                                                  /Users/assetmalik/opt/gnu-mcu-eclipse/arm-none-eabi-gcc/7.3.1-1.1-20180724-0637/bin/../lib/gcc/arm-none-eabi/7.3.1/../../../../arm-none-eabi/lib/thumb/v7-m/libc.a(lib_a-mallocr.o)
__malloc_max_sbrked_mem                           /Users/assetmalik/opt/gnu-mcu-eclipse/arm-none-eabi-gcc/7.3.1-1.1-20180724-0637/bin/../lib/gcc/arm-none-eabi/7.3.1/../../../../arm-none-eabi/lib/thumb/v7-m/libc.a(lib_a-mallocr.o)
__malloc_max_total_mem                            /Users/assetmalik/opt/gnu-mcu-eclipse/arm-none-eabi-gcc/7.3.1-1.1-20180724-0637/bin/../lib/gcc/arm-none-eabi/7.3.1/../../../../arm-none-eabi/lib/thumb/v7-m/libc.a(lib_a-mallocr.o)
__malloc_sbrk_base                                /Users/assetmalik/opt/gnu-mcu-eclipse/arm-none-eabi-gcc/7.3.1-1.1-20180724-0637/bin/../lib/gcc/arm-none-eabi/7.3.1/../../../../arm-none-eabi/lib/thumb/v7-m/libc.a(lib_a-mallocr.o)
                                                  /Users/assetmalik/opt/gnu-mcu-eclipse/arm-none-eabi-gcc/7.3.1-1.1-20180724-0637/bin/../lib/gcc/arm-none-eabi/7.3.1/../../../../arm-none-eabi/lib/thumb/v7-m/libc.a(lib_a-freer.o)
__malloc_top_pad                                  /Users/assetmalik/opt/gnu-mcu-eclipse/arm-none-eabi-gcc/7.3.1-1.1-20180724-0637/bin/../lib/gcc/arm-none-eabi/7.3.1/../../../../arm-none-eabi/lib/thumb/v7-m/libc.a(lib_a-mallocr.o)
                                                  /Users/assetmalik/opt/gnu-mcu-eclipse/arm-none-eabi-gcc/7.3.1-1.1-20180724-0637/bin/../lib/gcc/arm-none-eabi/7.3.1/../../../../arm-none-eabi/lib/thumb/v7-m/libc.a(lib_a-freer.o)
__malloc_trim_threshold                           /Users/assetmalik/opt/gnu-mcu-eclipse/arm-none-eabi-gcc/7.3.1-1.1-20180724-0637/bin/../lib/gcc/arm-none-eabi/7.3.1/../../../../arm-none-eabi/lib/thumb/v7-m/libc.a(lib_a-mallocr.o)
                                                  /Users/assetmalik/opt/gnu-mcu-eclipse/arm-none-eabi-gcc/7.3.1-1.1-20180724-0637/bin/../lib/gcc/arm-none-eabi/7.3.1/../../../../arm-none-eabi/lib/thumb/v7-m/libc.a(lib_a-freer.o)
__malloc_unlock                                   /Users/assetmalik/opt/gnu-mcu-eclipse/arm-none-eabi-gcc/7.3.1-1.1-20180724-0637/bin/../lib/gcc/arm-none-eabi/7.3.1/../../../../arm-none-eabi/lib/thumb/v7-m/libc.a(lib_a-mlock.o)
                                                  /Users/assetmalik/opt/gnu-mcu-eclipse/arm-none-eabi-gcc/7.3.1-1.1-20180724-0637/bin/../lib/gcc/arm-none-eabi/7.3.1/../../../../arm-none-eabi/lib/thumb/v7-m/libc.a(lib_a-freer.o)
                                                  /Users/assetmalik/opt/gnu-mcu-eclipse/arm-none-eabi-gcc/7.3.1-1.1-20180724-0637/bin/../lib/gcc/arm-none-eabi/7.3.1/../../../../arm-none-eabi/lib/thumb/v7-m/libc.a(lib_a-mallocr.o)
__preinit_array_end                               ./libopencm3//lib/libopencm3_stm32f1.a(vector.o)
__preinit_array_start                             ./libopencm3//lib/libopencm3_stm32f1.a(vector.o)
__restore_core_regs                               /Users/assetmalik/opt/gnu-mcu-eclipse/arm-none-eabi-gcc/7.3.1-1.1-20180724-0637/bin/../lib/gcc/arm-none-eabi/7.3.1/thumb/v7-m/libgcc.a(libunwind.o)
__retarget_lock_acquire                           /Users/assetmalik/opt/gnu-mcu-eclipse/arm-none-eabi-gcc/7.3.1-1.1-20180724-0637/bin/../lib/gcc/arm-none-eabi/7.3.1/../../../../arm-none-eabi/lib/thumb/v7-m/libc.a(lib_a-lock.o)
__retarget_lock_acquire_recursive                 /Users/assetmalik/opt/gnu-mcu-eclipse/arm-none-eabi-gcc/7.3.1-1.1-20180724-0637/bin/../lib/gcc/arm-none-eabi/7.3.1/../../../../arm-none-eabi/lib/thumb/v7-m/libc.a(lib_a-lock.o)
                                                  /Users/assetmalik/opt/gnu-mcu-eclipse/arm-none-eabi-gcc/7.3.1-1.1-20180724-0637/bin/../lib/gcc/arm-none-eabi/7.3.1/../../../../arm-none-eabi/lib/thumb/v7-m/libc.a(lib_a-mlock.o)
__retarget_lock_close                             /Users/assetmalik/opt/gnu-mcu-eclipse/arm-none-eabi-gcc/7.3.1-1.1-20180724-0637/bin/../lib/gcc/arm-none-eabi/7.3.1/../../../../arm-none-eabi/lib/thumb/v7-m/libc.a(lib_a-lock.o)
__retarget_lock_close_recursive                   /Users/assetmalik/opt/gnu-mcu-eclipse/arm-none-eabi-gcc/7.3.1-1.1-20180724-0637/bin/../lib/gcc/arm-none-eabi/7.3.1/../../../../arm-none-eabi/lib/thumb/v7-m/libc.a(lib_a-lock.o)
__retarget_lock_init                              /Users/assetmalik/opt/gnu-mcu-eclipse/arm-none-eabi-gcc/7.3.1-1.1-20180724-0637/bin/../lib/gcc/arm-none-eabi/7.3.1/../../../../arm-none-eabi/lib/thumb/v7-m/libc.a(lib_a-lock.o)
__retarget_lock_init_recursive                    /Users/assetmalik/opt/gnu-mcu-eclipse/arm-none-eabi-gcc/7.3.1-1.1-20180724-0637/bin/../lib/gcc/arm-none-eabi/7.3.1/../../../../arm-none-eabi/lib/thumb/v7-m/libc.a(lib_a-lock.o)
__retarget_lock_release                           /Users/assetmalik/opt/gnu-mcu-eclipse/arm-none-eabi-gcc/7.3.1-1.1-20180724-0637/bin/../lib/gcc/arm-none-eabi/7.3.1/../../../../arm-none-eabi/lib/thumb/v7-m/libc.a(lib_a-lock.o)
__retarget_lock_release_recursive                 /Users/assetmalik/opt/gnu-mcu-eclipse/arm-none-eabi-gcc/7.3.1-1.1-20180724-0637/bin/../lib/gcc/arm-none-eabi/7.3.1/../../../../arm-none-eabi/lib/thumb/v7-m/libc.a(lib_a-lock.o)
                                                  /Users/assetmalik/opt/gnu-mcu-eclipse/arm-none-eabi-gcc/7.3.1-1.1-20180724-0637/bin/../lib/gcc/arm-none-eabi/7.3.1/../../../../arm-none-eabi/lib/thumb/v7-m/libc.a(lib_a-mlock.o)
__retarget_lock_try_acquire                       /Users/assetmalik/opt/gnu-mcu-eclipse/arm-none-eabi-gcc/7.3.1-1.1-20180724-0637/bin/../lib/gcc/arm-none-eabi/7.3.1/../../../../arm-none-eabi/lib/thumb/v7-m/libc.a(lib_a-lock.o)
__retarget_lock_try_acquire_recursive             /Users/assetmalik/opt/gnu-mcu-eclipse/arm-none-eabi-gcc/7.3.1-1.1-20180724-0637/bin/../lib/gcc/arm-none-eabi/7.3.1/../../../../arm-none-eabi/lib/thumb/v7-m/libc.a(lib_a-lock.o)
__sigtramp                                        /Users/assetmalik/opt/gnu-mcu-eclipse/arm-none-eabi-gcc/7.3.1-1.1-20180724-0637/bin/../lib/gcc/arm-none-eabi/7.3.1/../../../../arm-none-eabi/lib/thumb/v7-m/libc.a(lib_a-signal.o)
__sigtramp_r                                      /Users/assetmalik/opt/gnu-mcu-eclipse/arm-none-eabi-gcc/7.3.1-1.1-20180724-0637/bin/../lib/gcc/arm-none-eabi/7.3.1/../../../../arm-none-eabi/lib/thumb/v7-m/libc.a(lib_a-signal.o)
_data                                             ./libopencm3//lib/libopencm3_stm32f1.a(vector.o)
_data_loadaddr                                    ./libopencm3//lib/libopencm3_stm32f1.a(vector.o)
_ebss                                             ./libopencm3//lib/libopencm3_stm32f1.a(vector.o)
_edata                                            ./libopencm3//lib/libopencm3_stm32f1.a(vector.o)
_exit                                             /Users/assetmalik/opt/gnu-mcu-eclipse/arm-none-eabi-gcc/7.3.1-1.1-20180724-0637/bin/../lib/gcc/arm-none-eabi/7.3.1/../../../../arm-none-eabi/lib/thumb/v7-m/libnosys.a(_exit.o)
                                                  /Users/assetmalik/opt/gnu-mcu-eclipse/arm-none-eabi-gcc/7.3.1-1.1-20180724-0637/bin/../lib/gcc/arm-none-eabi/7.3.1/../../../../arm-none-eabi/lib/thumb/v7-m/libc.a(lib_a-abort.o)
_free_r                                           /Users/assetmalik/opt/gnu-mcu-eclipse/arm-none-eabi-gcc/7.3.1-1.1-20180724-0637/bin/../lib/gcc/arm-none-eabi/7.3.1/../../../../arm-none-eabi/lib/thumb/v7-m/libc.a(lib_a-freer.o)
                                                  /Users/assetmalik/opt/gnu-mcu-eclipse/arm-none-eabi-gcc/7.3.1-1.1-20180724-0637/bin/../lib/gcc/arm-none-eabi/7.3.1/../../../../arm-none-eabi/lib/thumb/v7-m/libc.a(lib_a-reent.o)
                                                  /Users/assetmalik/opt/gnu-mcu-eclipse/arm-none-eabi-gcc/7.3.1-1.1-20180724-0637/bin/../lib/gcc/arm-none-eabi/7.3.1/../../../../arm-none-eabi/lib/thumb/v7-m/libc.a(lib_a-mallocr.o)
_getpid                                           /Users/assetmalik/opt/gnu-mcu-eclipse/arm-none-eabi-gcc/7.3.1-1.1-20180724-0637/bin/../lib/gcc/arm-none-eabi/7.3.1/../../../../arm-none-eabi/lib/thumb/v7-m/libnosys.a(getpid.o)
                                                  /Users/assetmalik/opt/gnu-mcu-eclipse/arm-none-eabi-gcc/7.3.1-1.1-20180724-0637/bin/../lib/gcc/arm-none-eabi/7.3.1/../../../../arm-none-eabi/lib/thumb/v7-m/libc.a(lib_a-signalr.o)
_getpid_r                                         /Users/assetmalik/opt/gnu-mcu-eclipse/arm-none-eabi-gcc/7.3.1-1.1-20180724-0637/bin/../lib/gcc/arm-none-eabi/7.3.1/../../../../arm-none-eabi/lib/thumb/v7-m/libc.a(lib_a-signalr.o)
                                                  /Users/assetmalik/opt/gnu-mcu-eclipse/arm-none-eabi-gcc/7.3.1-1.1-20180724-0637/bin/../lib/gcc/arm-none-eabi/7.3.1/../../../../arm-none-eabi/lib/thumb/v7-m/libc.a(lib_a-signal.o)
_global_impure_ptr                                /Users/assetmalik/opt/gnu-mcu-eclipse/arm-none-eabi-gcc/7.3.1-1.1-20180724-0637/bin/../lib/gcc/arm-none-eabi/7.3.1/../../../../arm-none-eabi/lib/thumb/v7-m/libc.a(lib_a-impure.o)
_impure_ptr                                       /Users/assetmalik/opt/gnu-mcu-eclipse/arm-none-eabi-gcc/7.3.1-1.1-20180724-0637/bin/../lib/gcc/arm-none-eabi/7.3.1/../../../../arm-none-eabi/lib/thumb/v7-m/libc.a(lib_a-impure.o)
                                                  /Users/assetmalik/opt/gnu-mcu-eclipse/arm-none-eabi-gcc/7.3.1-1.1-20180724-0637/bin/../lib/gcc/arm-none-eabi/7.3.1/../../../../arm-none-eabi/lib/thumb/v7-m/libc.a(lib_a-reent.o)
                                                  /Users/assetmalik/opt/gnu-mcu-eclipse/arm-none-eabi-gcc/7.3.1-1.1-20180724-0637/bin/../lib/gcc/arm-none-eabi/7.3.1/../../../../arm-none-eabi/lib/thumb/v7-m/libc.a(lib_a-signal.o)
_init_signal                                      /Users/assetmalik/opt/gnu-mcu-eclipse/arm-none-eabi-gcc/7.3.1-1.1-20180724-0637/bin/../lib/gcc/arm-none-eabi/7.3.1/../../../../arm-none-eabi/lib/thumb/v7-m/libc.a(lib_a-signal.o)
_init_signal_r                                    /Users/assetmalik/opt/gnu-mcu-eclipse/arm-none-eabi-gcc/7.3.1-1.1-20180724-0637/bin/../lib/gcc/arm-none-eabi/7.3.1/../../../../arm-none-eabi/lib/thumb/v7-m/libc.a(lib_a-signal.o)
_kill                                             /Users/assetmalik/opt/gnu-mcu-eclipse/arm-none-eabi-gcc/7.3.1-1.1-20180724-0637/bin/../lib/gcc/arm-none-eabi/7.3.1/../../../../arm-none-eabi/lib/thumb/v7-m/libnosys.a(kill.o)
                                                  /Users/assetmalik/opt/gnu-mcu-eclipse/arm-none-eabi-gcc/7.3.1-1.1-20180724-0637/bin/../lib/gcc/arm-none-eabi/7.3.1/../../../../arm-none-eabi/lib/thumb/v7-m/libc.a(lib_a-signalr.o)
_kill_r                                           /Users/assetmalik/opt/gnu-mcu-eclipse/arm-none-eabi-gcc/7.3.1-1.1-20180724-0637/bin/../lib/gcc/arm-none-eabi/7.3.1/../../../../arm-none-eabi/lib/thumb/v7-m/libc.a(lib_a-signalr.o)
                                                  /Users/assetmalik/opt/gnu-mcu-eclipse/arm-none-eabi-gcc/7.3.1-1.1-20180724-0637/bin/../lib/gcc/arm-none-eabi/7.3.1/../../../../arm-none-eabi/lib/thumb/v7-m/libc.a(lib_a-signal.o)
_malloc_r                                         /Users/assetmalik/opt/gnu-mcu-eclipse/arm-none-eabi-gcc/7.3.1-1.1-20180724-0637/bin/../lib/gcc/arm-none-eabi/7.3.1/../../../../arm-none-eabi/lib/thumb/v7-m/libc.a(lib_a-mallocr.o)
                                                  /Users/assetmalik/opt/gnu-mcu-eclipse/arm-none-eabi-gcc/7.3.1-1.1-20180724-0637/bin/../lib/gcc/arm-none-eabi/7.3.1/../../../../arm-none-eabi/lib/thumb/v7-m/libc.a(lib_a-signal.o)
_malloc_trim_r                                    /Users/assetmalik/opt/gnu-mcu-eclipse/arm-none-eabi-gcc/7.3.1-1.1-20180724-0637/bin/../lib/gcc/arm-none-eabi/7.3.1/../../../../arm-none-eabi/lib/thumb/v7-m/libc.a(lib_a-freer.o)
_raise_r                                          /Users/assetmalik/opt/gnu-mcu-eclipse/arm-none-eabi-gcc/7.3.1-1.1-20180724-0637/bin/../lib/gcc/arm-none-eabi/7.3.1/../../../../arm-none-eabi/lib/thumb/v7-m/libc.a(lib_a-signal.o)
_reclaim_reent                                    /Users/assetmalik/opt/gnu-mcu-eclipse/arm-none-eabi-gcc/7.3.1-1.1-20180724-0637/bin/../lib/gcc/arm-none-eabi/7.3.1/../../../../arm-none-eabi/lib/thumb/v7-m/libc.a(lib_a-reent.o)
_sbrk                                             /Users/assetmalik/opt/gnu-mcu-eclipse/arm-none-eabi-gcc/7.3.1-1.1-20180724-0637/bin/../lib/gcc/arm-none-eabi/7.3.1/../../../../arm-none-eabi/lib/thumb/v7-m/libnosys.a(sbrk.o)
                                                  /Users/assetmalik/opt/gnu-mcu-eclipse/arm-none-eabi-gcc/7.3.1-1.1-20180724-0637/bin/../lib/gcc/arm-none-eabi/7.3.1/../../../../arm-none-eabi/lib/thumb/v7-m/libc.a(lib_a-sbrkr.o)
_sbrk_r                                           /Users/assetmalik/opt/gnu-mcu-eclipse/arm-none-eabi-gcc/7.3.1-1.1-20180724-0637/bin/../lib/gcc/arm-none-eabi/7.3.1/../../../../arm-none-eabi/lib/thumb/v7-m/libc.a(lib_a-sbrkr.o)
                                                  /Users/assetmalik/opt/gnu-mcu-eclipse/arm-none-eabi-gcc/7.3.1-1.1-20180724-0637/bin/../lib/gcc/arm-none-eabi/7.3.1/../../../../arm-none-eabi/lib/thumb/v7-m/libc.a(lib_a-freer.o)
                                                  /Users/assetmalik/opt/gnu-mcu-eclipse/arm-none-eabi-gcc/7.3.1-1.1-20180724-0637/bin/../lib/gcc/arm-none-eabi/7.3.1/../../../../arm-none-eabi/lib/thumb/v7-m/libc.a(lib_a-mallocr.o)
_signal_r                                         /Users/assetmalik/opt/gnu-mcu-eclipse/arm-none-eabi-gcc/7.3.1-1.1-20180724-0637/bin/../lib/gcc/arm-none-eabi/7.3.1/../../../../arm-none-eabi/lib/thumb/v7-m/libc.a(lib_a-signal.o)
_stack                                            ./libopencm3//lib/libopencm3_stm32f1.a(vector.o)
abort                                             /Users/assetmalik/opt/gnu-mcu-eclipse/arm-none-eabi-gcc/7.3.1-1.1-20180724-0637/bin/../lib/gcc/arm-none-eabi/7.3.1/../../../../arm-none-eabi/lib/thumb/v7-m/libc.a(lib_a-abort.o)
                                                  /Users/assetmalik/opt/gnu-mcu-eclipse/arm-none-eabi-gcc/7.3.1-1.1-20180724-0637/bin/../lib/gcc/arm-none-eabi/7.3.1/thumb/v7-m/libgcc.a(pr-support.o)
                                                  /Users/assetmalik/opt/gnu-mcu-eclipse/arm-none-eabi-gcc/7.3.1-1.1-20180724-0637/bin/../lib/gcc/arm-none-eabi/7.3.1/thumb/v7-m/libgcc.a(unwind-arm.o)
adc1_2_isr                                        ./libopencm3//lib/libopencm3_stm32f1.a(vector.o)
adc3_isr                                          ./libopencm3//lib/libopencm3_stm32f1.a(vector.o)
blocking_handler                                  ./libopencm3//lib/libopencm3_stm32f1.a(vector.o)
bus_fault_handler                                 ./libopencm3//lib/libopencm3_stm32f1.a(vector.o)
can2_rx0_isr                                      ./libopencm3//lib/libopencm3_stm32f1.a(vector.o)
can2_rx1_isr                                      ./libopencm3//lib/libopencm3_stm32f1.a(vector.o)
can2_sce_isr                                      ./libopencm3//lib/libopencm3_stm32f1.a(vector.o)
can2_tx_isr                                       ./libopencm3//lib/libopencm3_stm32f1.a(vector.o)
can_rx1_isr                                       ./libopencm3//lib/libopencm3_stm32f1.a(vector.o)
can_sce_isr                                       ./libopencm3//lib/libopencm3_stm32f1.a(vector.o)
cleanup_glue                                      /Users/assetmalik/opt/gnu-mcu-eclipse/arm-none-eabi-gcc/7.3.1-1.1-20180724-0637/bin/../lib/gcc/arm-none-eabi/7.3.1/../../../../arm-none-eabi/lib/thumb/v7-m/libc.a(lib_a-reent.o)
cm3_assert_failed                                 ./libopencm3//lib/libopencm3_stm32f1.a(assert.o)
                                                  ./libopencm3//lib/libopencm3_stm32f1.a(rcc.o)
cm3_assert_failed_verbose                         ./libopencm3//lib/libopencm3_stm32f1.a(assert.o)
debug_monitor_handler                             ./libopencm3//lib/libopencm3_stm32f1.a(vector.o)
dma1_channel1_isr                                 ./libopencm3//lib/libopencm3_stm32f1.a(vector.o)
dma1_channel2_isr                                 ./libopencm3//lib/libopencm3_stm32f1.a(vector.o)
dma1_channel3_isr                                 ./libopencm3//lib/libopencm3_stm32f1.a(vector.o)
dma1_channel4_isr                                 ./libopencm3//lib/libopencm3_stm32f1.a(vector.o)
dma1_channel5_isr                                 ./libopencm3//lib/libopencm3_stm32f1.a(vector.o)
dma1_channel6_isr                                 ./libopencm3//lib/libopencm3_stm32f1.a(vector.o)
dma1_channel7_isr                                 ./libopencm3//lib/libopencm3_stm32f1.a(vector.o)
dma2_channel1_isr                                 ./libopencm3//lib/libopencm3_stm32f1.a(vector.o)
dma2_channel2_isr                                 ./libopencm3//lib/libopencm3_stm32f1.a(vector.o)
dma2_channel3_isr                                 ./libopencm3//lib/libopencm3_stm32f1.a(vector.o)
dma2_channel4_5_isr                               ./libopencm3//lib/libopencm3_stm32f1.a(vector.o)
dma2_channel5_isr                                 ./libopencm3//lib/libopencm3_stm32f1.a(vector.o)
end                                               /Users/assetmalik/opt/gnu-mcu-eclipse/arm-none-eabi-gcc/7.3.1-1.1-20180724-0637/bin/../lib/gcc/arm-none-eabi/7.3.1/../../../../arm-none-eabi/lib/thumb/v7-m/libnosys.a(sbrk.o)
errno                                             /Users/assetmalik/opt/gnu-mcu-eclipse/arm-none-eabi-gcc/7.3.1-1.1-20180724-0637/bin/../lib/gcc/arm-none-eabi/7.3.1/../../../../arm-none-eabi/lib/thumb/v7-m/libc.a(lib_a-reent.o)
                                                  /Users/assetmalik/opt/gnu-mcu-eclipse/arm-none-eabi-gcc/7.3.1-1.1-20180724-0637/bin/../lib/gcc/arm-none-eabi/7.3.1/../../../../arm-none-eabi/lib/thumb/v7-m/libnosys.a(kill.o)
                                                  /Users/assetmalik/opt/gnu-mcu-eclipse/arm-none-eabi-gcc/7.3.1-1.1-20180724-0637/bin/../lib/gcc/arm-none-eabi/7.3.1/../../../../arm-none-eabi/lib/thumb/v7-m/libnosys.a(getpid.o)
                                                  /Users/assetmalik/opt/gnu-mcu-eclipse/arm-none-eabi-gcc/7.3.1-1.1-20180724-0637/bin/../lib/gcc/arm-none-eabi/7.3.1/../../../../arm-none-eabi/lib/thumb/v7-m/libc.a(lib_a-sbrkr.o)
                                                  /Users/assetmalik/opt/gnu-mcu-eclipse/arm-none-eabi-gcc/7.3.1-1.1-20180724-0637/bin/../lib/gcc/arm-none-eabi/7.3.1/../../../../arm-none-eabi/lib/thumb/v7-m/libc.a(lib_a-signalr.o)
eth_isr                                           ./libopencm3//lib/libopencm3_stm32f1.a(vector.o)
eth_wkup_isr                                      ./libopencm3//lib/libopencm3_stm32f1.a(vector.o)
exti0_isr                                         ./libopencm3//lib/libopencm3_stm32f1.a(vector.o)
exti15_10_isr                                     ./libopencm3//lib/libopencm3_stm32f1.a(vector.o)
exti1_isr                                         ./libopencm3//lib/libopencm3_stm32f1.a(vector.o)
exti2_isr                                         ./libopencm3//lib/libopencm3_stm32f1.a(vector.o)
exti3_isr                                         ./libopencm3//lib/libopencm3_stm32f1.a(vector.o)
exti4_isr                                         ./libopencm3//lib/libopencm3_stm32f1.a(vector.o)
exti9_5_isr                                       ./libopencm3//lib/libopencm3_stm32f1.a(vector.o)
flash_isr                                         ./libopencm3//lib/libopencm3_stm32f1.a(vector.o)
flash_prefetch_disable                            ./libopencm3//lib/libopencm3_stm32f1.a(flash_common_all.o)
flash_prefetch_enable                             ./libopencm3//lib/libopencm3_stm32f1.a(flash_common_all.o)
flash_set_ws                                      ./libopencm3//lib/libopencm3_stm32f1.a(flash_common_all.o)
                                                  ./libopencm3//lib/libopencm3_stm32f1.a(rcc.o)
flash_unlock_option_bytes                         ./libopencm3//lib/libopencm3_stm32f1.a(flash_common_all.o)
frequency_sel                                     main.o
frequency_sequence                                main.o
fsmc_isr                                          ./libopencm3//lib/libopencm3_stm32f1.a(vector.o)
gpio_clear                                        ./libopencm3//lib/libopencm3_stm32f1.a(gpio_common_all.o)
gpio_get                                          ./libopencm3//lib/libopencm3_stm32f1.a(gpio_common_all.o)
gpio_port_config_lock                             ./libopencm3//lib/libopencm3_stm32f1.a(gpio_common_all.o)
gpio_port_read                                    ./libopencm3//lib/libopencm3_stm32f1.a(gpio_common_all.o)
gpio_port_write                                   ./libopencm3//lib/libopencm3_stm32f1.a(gpio_common_all.o)
gpio_primary_remap                                ./libopencm3//lib/libopencm3_stm32f1.a(gpio.o)
gpio_secondary_remap                              ./libopencm3//lib/libopencm3_stm32f1.a(gpio.o)
gpio_set                                          ./libopencm3//lib/libopencm3_stm32f1.a(gpio_common_all.o)
                                                  main.o
gpio_set_eventout                                 ./libopencm3//lib/libopencm3_stm32f1.a(gpio.o)
gpio_set_mode                                     ./libopencm3//lib/libopencm3_stm32f1.a(gpio.o)
                                                  main.o
gpio_toggle                                       ./libopencm3//lib/libopencm3_stm32f1.a(gpio_common_all.o)
                                                  main.o
hard_fault_handler                                ./libopencm3//lib/libopencm3_stm32f1.a(vector.o)
i2c1_er_isr                                       ./libopencm3//lib/libopencm3_stm32f1.a(vector.o)
i2c1_ev_isr                                       ./libopencm3//lib/libopencm3_stm32f1.a(vector.o)
i2c2_er_isr                                       ./libopencm3//lib/libopencm3_stm32f1.a(vector.o)
i2c2_ev_isr                                       ./libopencm3//lib/libopencm3_stm32f1.a(vector.o)
main                                              main.o
                                                  ./libopencm3//lib/libopencm3_stm32f1.a(vector.o)
mem_manage_handler                                ./libopencm3//lib/libopencm3_stm32f1.a(vector.o)
memcpy                                            /Users/assetmalik/opt/gnu-mcu-eclipse/arm-none-eabi-gcc/7.3.1-1.1-20180724-0637/bin/../lib/gcc/arm-none-eabi/7.3.1/../../../../arm-none-eabi/lib/thumb/v7-m/libc.a(lib_a-memcpy.o)
                                                  /Users/assetmalik/opt/gnu-mcu-eclipse/arm-none-eabi-gcc/7.3.1-1.1-20180724-0637/bin/../lib/gcc/arm-none-eabi/7.3.1/thumb/v7-m/libgcc.a(unwind-arm.o)
nmi_handler                                       ./libopencm3//lib/libopencm3_stm32f1.a(vector.o)
null_handler                                      ./libopencm3//lib/libopencm3_stm32f1.a(vector.o)
nvic_clear_pending_irq                            ./libopencm3//lib/libopencm3_stm32f1.a(nvic.o)
nvic_disable_irq                                  ./libopencm3//lib/libopencm3_stm32f1.a(nvic.o)
nvic_enable_irq                                   ./libopencm3//lib/libopencm3_stm32f1.a(nvic.o)
                                                  main.o
nvic_generate_software_interrupt                  ./libopencm3//lib/libopencm3_stm32f1.a(nvic.o)
nvic_get_active_irq                               ./libopencm3//lib/libopencm3_stm32f1.a(nvic.o)
nvic_get_irq_enabled                              ./libopencm3//lib/libopencm3_stm32f1.a(nvic.o)
nvic_get_pending_irq                              ./libopencm3//lib/libopencm3_stm32f1.a(nvic.o)
nvic_set_pending_irq                              ./libopencm3//lib/libopencm3_stm32f1.a(nvic.o)
nvic_set_priority                                 ./libopencm3//lib/libopencm3_stm32f1.a(nvic.o)
otg_fs_isr                                        ./libopencm3//lib/libopencm3_stm32f1.a(vector.o)
pend_sv_handler                                   ./libopencm3//lib/libopencm3_stm32f1.a(vector.o)
pvd_isr                                           ./libopencm3//lib/libopencm3_stm32f1.a(vector.o)
raise                                             /Users/assetmalik/opt/gnu-mcu-eclipse/arm-none-eabi-gcc/7.3.1-1.1-20180724-0637/bin/../lib/gcc/arm-none-eabi/7.3.1/../../../../arm-none-eabi/lib/thumb/v7-m/libc.a(lib_a-signal.o)
                                                  /Users/assetmalik/opt/gnu-mcu-eclipse/arm-none-eabi-gcc/7.3.1-1.1-20180724-0637/bin/../lib/gcc/arm-none-eabi/7.3.1/../../../../arm-none-eabi/lib/thumb/v7-m/libc.a(lib_a-abort.o)
rcc_ahb_frequency                                 ./libopencm3//lib/libopencm3_stm32f1.a(rcc.o)
rcc_apb1_frequency                                ./libopencm3//lib/libopencm3_stm32f1.a(rcc.o)
                                                  main.o
rcc_apb2_frequency                                ./libopencm3//lib/libopencm3_stm32f1.a(rcc.o)
rcc_backupdomain_reset                            ./libopencm3//lib/libopencm3_stm32f1.a(rcc.o)
rcc_clock_setup_in_hse_12mhz_out_72mhz            ./libopencm3//lib/libopencm3_stm32f1.a(rcc.o)
rcc_clock_setup_in_hse_16mhz_out_72mhz            ./libopencm3//lib/libopencm3_stm32f1.a(rcc.o)
rcc_clock_setup_in_hse_25mhz_out_72mhz            ./libopencm3//lib/libopencm3_stm32f1.a(rcc.o)
rcc_clock_setup_in_hse_8mhz_out_24mhz             ./libopencm3//lib/libopencm3_stm32f1.a(rcc.o)
rcc_clock_setup_in_hse_8mhz_out_72mhz             ./libopencm3//lib/libopencm3_stm32f1.a(rcc.o)
                                                  main.o
rcc_clock_setup_in_hsi_out_24mhz                  ./libopencm3//lib/libopencm3_stm32f1.a(rcc.o)
rcc_clock_setup_in_hsi_out_48mhz                  ./libopencm3//lib/libopencm3_stm32f1.a(rcc.o)
rcc_clock_setup_in_hsi_out_64mhz                  ./libopencm3//lib/libopencm3_stm32f1.a(rcc.o)
rcc_css_disable                                   ./libopencm3//lib/libopencm3_stm32f1.a(rcc.o)
rcc_css_enable                                    ./libopencm3//lib/libopencm3_stm32f1.a(rcc.o)
rcc_css_int_clear                                 ./libopencm3//lib/libopencm3_stm32f1.a(rcc.o)
rcc_css_int_flag                                  ./libopencm3//lib/libopencm3_stm32f1.a(rcc.o)
rcc_enable_rtc_clock                              ./libopencm3//lib/libopencm3_stm32f1.a(rcc.o)
rcc_is_osc_ready                                  ./libopencm3//lib/libopencm3_stm32f1.a(rcc.o)
rcc_isr                                           ./libopencm3//lib/libopencm3_stm32f1.a(vector.o)
rcc_osc_bypass_disable                            ./libopencm3//lib/libopencm3_stm32f1.a(rcc_common_all.o)
rcc_osc_bypass_enable                             ./libopencm3//lib/libopencm3_stm32f1.a(rcc_common_all.o)
rcc_osc_off                                       ./libopencm3//lib/libopencm3_stm32f1.a(rcc.o)
rcc_osc_on                                        ./libopencm3//lib/libopencm3_stm32f1.a(rcc.o)
rcc_osc_ready_int_clear                           ./libopencm3//lib/libopencm3_stm32f1.a(rcc.o)
rcc_osc_ready_int_disable                         ./libopencm3//lib/libopencm3_stm32f1.a(rcc.o)
rcc_osc_ready_int_enable                          ./libopencm3//lib/libopencm3_stm32f1.a(rcc.o)
rcc_osc_ready_int_flag                            ./libopencm3//lib/libopencm3_stm32f1.a(rcc.o)
rcc_periph_clock_disable                          ./libopencm3//lib/libopencm3_stm32f1.a(rcc_common_all.o)
rcc_periph_clock_enable                           ./libopencm3//lib/libopencm3_stm32f1.a(rcc_common_all.o)
                                                  main.o
rcc_periph_reset_hold                             ./libopencm3//lib/libopencm3_stm32f1.a(rcc_common_all.o)
rcc_periph_reset_pulse                            ./libopencm3//lib/libopencm3_stm32f1.a(rcc_common_all.o)
                                                  main.o
rcc_periph_reset_release                          ./libopencm3//lib/libopencm3_stm32f1.a(rcc_common_all.o)
rcc_peripheral_clear_reset                        ./libopencm3//lib/libopencm3_stm32f1.a(rcc_common_all.o)
rcc_peripheral_disable_clock                      ./libopencm3//lib/libopencm3_stm32f1.a(rcc_common_all.o)
rcc_peripheral_enable_clock                       ./libopencm3//lib/libopencm3_stm32f1.a(rcc_common_all.o)
rcc_peripheral_reset                              ./libopencm3//lib/libopencm3_stm32f1.a(rcc_common_all.o)
rcc_rtc_clock_enabled_flag                        ./libopencm3//lib/libopencm3_stm32f1.a(rcc.o)
rcc_set_adcpre                                    ./libopencm3//lib/libopencm3_stm32f1.a(rcc.o)
rcc_set_hpre                                      ./libopencm3//lib/libopencm3_stm32f1.a(rcc.o)
rcc_set_mco                                       ./libopencm3//lib/libopencm3_stm32f1.a(rcc_common_all.o)
rcc_set_pll2_multiplication_factor                ./libopencm3//lib/libopencm3_stm32f1.a(rcc.o)