Archive member included to satisfy reference by file (symbol)

./libopencm3//lib/libopencm3_stm32f1.a(gpio.o)
                              main.o (gpio_set_mode)
./libopencm3//lib/libopencm3_stm32f1.a(rcc.o)
                              main.o (rcc_clock_setup_in_hse_8mhz_out_72mhz)
./libopencm3//lib/libopencm3_stm32f1.a(gpio_common_all.o)
                              main.o (gpio_set)
./libopencm3//lib/libopencm3_stm32f1.a(timer_common_all.o)
                              main.o (timer_enable_irq)
./libopencm3//lib/libopencm3_stm32f1.a(rcc_common_all.o)
                              main.o (rcc_periph_clock_enable)
./libopencm3//lib/libopencm3_stm32f1.a(flash_common_all.o)
                              ./libopencm3//lib/libopencm3_stm32f1.a(rcc.o) (flash_set_ws)
./libopencm3//lib/libopencm3_stm32f1.a(vector.o)
                              (reset_handler)
./libopencm3//lib/libopencm3_stm32f1.a(nvic.o)
                              main.o (nvic_enable_irq)
./libopencm3//lib/libopencm3_stm32f1.a(assert.o)
                              ./libopencm3//lib/libopencm3_stm32f1.a(rcc.o) (cm3_assert_failed)

Discarded input sections

 .group         0x0000000000000000        0xc main.o
 .group         0x0000000000000000        0xc main.o
 .group         0x0000000000000000        0xc main.o
 .group         0x0000000000000000        0xc main.o
 .group         0x0000000000000000        0xc main.o
 .group         0x0000000000000000        0xc main.o
 .group         0x0000000000000000        0xc main.o
 .group         0x0000000000000000        0xc main.o
 .group         0x0000000000000000        0xc main.o
 .group         0x0000000000000000        0xc main.o
 .group         0x0000000000000000        0xc main.o
 .group         0x0000000000000000        0xc main.o
 .group         0x0000000000000000        0xc main.o
 .group         0x0000000000000000        0xc main.o
 .group         0x0000000000000000        0xc main.o
 .group         0x0000000000000000        0xc main.o
 .group         0x0000000000000000        0xc main.o
 .text          0x0000000000000000        0x0 main.o
 .data          0x0000000000000000        0x0 main.o
 .bss           0x0000000000000000        0x0 main.o
 .text.setPWM   0x0000000000000000       0x14 main.o
 .group         0x0000000000000000        0xc ./libopencm3//lib/libopencm3_stm32f1.a(gpio.o)
 .group         0x0000000000000000        0xc ./libopencm3//lib/libopencm3_stm32f1.a(gpio.o)
 .group         0x0000000000000000        0xc ./libopencm3//lib/libopencm3_stm32f1.a(gpio.o)
 .group         0x0000000000000000        0xc ./libopencm3//lib/libopencm3_stm32f1.a(gpio.o)
 .group         0x0000000000000000        0xc ./libopencm3//lib/libopencm3_stm32f1.a(gpio.o)
 .group         0x0000000000000000        0xc ./libopencm3//lib/libopencm3_stm32f1.a(gpio.o)
 .group         0x0000000000000000        0xc ./libopencm3//lib/libopencm3_stm32f1.a(gpio.o)
 .group         0x0000000000000000        0xc ./libopencm3//lib/libopencm3_stm32f1.a(gpio.o)
 .group         0x0000000000000000        0xc ./libopencm3//lib/libopencm3_stm32f1.a(gpio.o)
 .group         0x0000000000000000        0xc ./libopencm3//lib/libopencm3_stm32f1.a(gpio.o)
 .group         0x0000000000000000        0xc ./libopencm3//lib/libopencm3_stm32f1.a(gpio.o)
 .group         0x0000000000000000        0xc ./libopencm3//lib/libopencm3_stm32f1.a(gpio.o)
 .group         0x0000000000000000        0xc ./libopencm3//lib/libopencm3_stm32f1.a(gpio.o)
 .text          0x0000000000000000        0x0 ./libopencm3//lib/libopencm3_stm32f1.a(gpio.o)
 .data          0x0000000000000000        0x0 ./libopencm3//lib/libopencm3_stm32f1.a(gpio.o)
 .bss           0x0000000000000000        0x0 ./libopencm3//lib/libopencm3_stm32f1.a(gpio.o)
 .text.gpio_set_eventout
                0x0000000000000000       0x10 ./libopencm3//lib/libopencm3_stm32f1.a(gpio.o)
 .text.gpio_primary_remap
                0x0000000000000000       0x14 ./libopencm3//lib/libopencm3_stm32f1.a(gpio.o)
 .text.gpio_secondary_remap
                0x0000000000000000       0x10 ./libopencm3//lib/libopencm3_stm32f1.a(gpio.o)
 .debug_macro   0x0000000000000000      0xa4e ./libopencm3//lib/libopencm3_stm32f1.a(gpio.o)
 .debug_macro   0x0000000000000000       0x22 ./libopencm3//lib/libopencm3_stm32f1.a(gpio.o)
 .debug_macro   0x0000000000000000       0x56 ./libopencm3//lib/libopencm3_stm32f1.a(gpio.o)
 .debug_macro   0x0000000000000000       0x51 ./libopencm3//lib/libopencm3_stm32f1.a(gpio.o)
 .debug_macro   0x0000000000000000       0xef ./libopencm3//lib/libopencm3_stm32f1.a(gpio.o)
 .debug_macro   0x0000000000000000       0x6a ./libopencm3//lib/libopencm3_stm32f1.a(gpio.o)
 .debug_macro   0x0000000000000000      0x1df ./libopencm3//lib/libopencm3_stm32f1.a(gpio.o)
 .debug_macro   0x0000000000000000       0x22 ./libopencm3//lib/libopencm3_stm32f1.a(gpio.o)
 .debug_macro   0x0000000000000000       0xfa ./libopencm3//lib/libopencm3_stm32f1.a(gpio.o)
[...]
Memory Configuration

Name             Origin             Length             Attributes
rom              0x0000000008000000 0x0000000000020000 xr
ram              0x0000000020000000 0x0000000000005000 xrw
*default*        0x0000000000000000 0xffffffffffffffff

Linker script and memory map

LOAD main.o
LOAD ./libopencm3//lib/libopencm3_stm32f1.a
START GROUP
LOAD /Users/assetmalik/opt/gnu-mcu-eclipse/arm-none-eabi-gcc/7.3.1-1.1-20180724-0637/bin/../lib/gcc/arm-none-eabi/7.3.1/../../../../arm-none-eabi/lib/thumb/v7-m/libc.a
LOAD /Users/assetmalik/opt/gnu-mcu-eclipse/arm-none-eabi-gcc/7.3.1-1.1-20180724-0637/bin/../lib/gcc/arm-none-eabi/7.3.1/thumb/v7-m/libgcc.a
LOAD /Users/assetmalik/opt/gnu-mcu-eclipse/arm-none-eabi-gcc/7.3.1-1.1-20180724-0637/bin/../lib/gcc/arm-none-eabi/7.3.1/../../../../arm-none-eabi/lib/thumb/v7-m/libnosys.a
END GROUP
START GROUP
LOAD /Users/assetmalik/opt/gnu-mcu-eclipse/arm-none-eabi-gcc/7.3.1-1.1-20180724-0637/bin/../lib/gcc/arm-none-eabi/7.3.1/thumb/v7-m/libgcc.a
LOAD /Users/assetmalik/opt/gnu-mcu-eclipse/arm-none-eabi-gcc/7.3.1-1.1-20180724-0637/bin/../lib/gcc/arm-none-eabi/7.3.1/../../../../arm-none-eabi/lib/thumb/v7-m/libg.a
LOAD /Users/assetmalik/opt/gnu-mcu-eclipse/arm-none-eabi-gcc/7.3.1-1.1-20180724-0637/bin/../lib/gcc/arm-none-eabi/7.3.1/../../../../arm-none-eabi/lib/thumb/v7-m/libc.a
END GROUP

.text           0x0000000008000000      0x664
 *(.vectors)
 .vectors       0x0000000008000000      0x150 ./libopencm3//lib/libopencm3_stm32f1.a(vector.o)
                0x0000000008000000                vector_table
 *(.text*)
 .text.tim2_isr
                0x0000000008000150       0x64 main.o
                0x0000000008000150                tim2_isr
 .text.startup.main
                0x00000000080001b4       0xc0 main.o
                0x00000000080001b4                main
 .text.gpio_set_mode
                0x0000000008000274       0x62 ./libopencm3//lib/libopencm3_stm32f1.a(gpio.o)
                0x0000000008000274                gpio_set_mode
 *fill*         0x00000000080002d6        0x2 
 .text.rcc_osc_on.part.1
                0x00000000080002d8       0x10 ./libopencm3//lib/libopencm3_stm32f1.a(rcc.o)
 .text.rcc_is_osc_ready
                0x00000000080002e8       0x5c ./libopencm3//lib/libopencm3_stm32f1.a(rcc.o)
                0x00000000080002e8                rcc_is_osc_ready
 .text.rcc_wait_for_osc_ready
                0x0000000008000344       0x10 ./libopencm3//lib/libopencm3_stm32f1.a(rcc.o)
                0x0000000008000344                rcc_wait_for_osc_ready
 .text.rcc_osc_on
                0x0000000008000354       0x54 ./libopencm3//lib/libopencm3_stm32f1.a(rcc.o)
                0x0000000008000354                rcc_osc_on
 .text.rcc_set_sysclk_source
                0x00000000080003a8       0x14 ./libopencm3//lib/libopencm3_stm32f1.a(rcc.o)
                0x00000000080003a8                rcc_set_sysclk_source
 .text.rcc_set_pll_multiplication_factor
                0x00000000080003bc       0x14 ./libopencm3//lib/libopencm3_stm32f1.a(rcc.o)
                0x00000000080003bc                rcc_set_pll_multiplication_factor
 .text.rcc_set_pll_source
                0x00000000080003d0       0x14 ./libopencm3//lib/libopencm3_stm32f1.a(rcc.o)
                0x00000000080003d0                rcc_set_pll_source
 .text.rcc_set_pllxtpre
                0x00000000080003e4       0x14 ./libopencm3//lib/libopencm3_stm32f1.a(rcc.o)
                0x00000000080003e4                rcc_set_pllxtpre
 .text.rcc_set_adcpre
                0x00000000080003f8       0x14 ./libopencm3//lib/libopencm3_stm32f1.a(rcc.o)
                0x00000000080003f8                rcc_set_adcpre
 .text.rcc_set_ppre2
                0x000000000800040c       0x14 ./libopencm3//lib/libopencm3_stm32f1.a(rcc.o)
                0x000000000800040c                rcc_set_ppre2
 .text.rcc_set_ppre1
                0x0000000008000420       0x14 ./libopencm3//lib/libopencm3_stm32f1.a(rcc.o)
                0x0000000008000420                rcc_set_ppre1
 .text.rcc_set_hpre
                0x0000000008000434       0x14 ./libopencm3//lib/libopencm3_stm32f1.a(rcc.o)
                0x0000000008000434                rcc_set_hpre
 .text.rcc_clock_setup_in_hse_8mhz_out_72mhz
                0x0000000008000448       0x8c ./libopencm3//lib/libopencm3_stm32f1.a(rcc.o)
                0x0000000008000448                rcc_clock_setup_in_hse_8mhz_out_72mhz
 .text.gpio_set
                0x00000000080004d4        0x4 ./libopencm3//lib/libopencm3_stm32f1.a(gpio_common_all.o)
                0x00000000080004d4                gpio_set
 .text.gpio_toggle
                0x00000000080004d8       0x12 ./libopencm3//lib/libopencm3_stm32f1.a(gpio_common_all.o)
                0x00000000080004d8                gpio_toggle
 .text.timer_enable_irq
                0x00000000080004ea        0x8 ./libopencm3//lib/libopencm3_stm32f1.a(timer_common_all.o)
                0x00000000080004ea                timer_enable_irq
 .text.timer_get_flag
                0x00000000080004f2        0xc ./libopencm3//lib/libopencm3_stm32f1.a(timer_common_all.o)
                0x00000000080004f2                timer_get_flag
 .text.timer_clear_flag
                0x00000000080004fe        0x6 ./libopencm3//lib/libopencm3_stm32f1.a(timer_common_all.o)
                0x00000000080004fe                timer_clear_flag
 .text.timer_set_mode
                0x0000000008000504       0x12 ./libopencm3//lib/libopencm3_stm32f1.a(timer_common_all.o)
                0x0000000008000504                timer_set_mode
 .text.timer_disable_preload
                0x0000000008000516        0xa ./libopencm3//lib/libopencm3_stm32f1.a(timer_common_all.o)
                0x0000000008000516                timer_disable_preload
 .text.timer_continuous_mode
                0x0000000008000520        0xa ./libopencm3//lib/libopencm3_stm32f1.a(timer_common_all.o)
                0x0000000008000520                timer_continuous_mode
 .text.timer_enable_counter
                0x000000000800052a        0xa ./libopencm3//lib/libopencm3_stm32f1.a(timer_common_all.o)
                0x000000000800052a                timer_enable_counter
 .text.timer_set_prescaler
                0x0000000008000534        0x4 ./libopencm3//lib/libopencm3_stm32f1.a(timer_common_all.o)
                0x0000000008000534                timer_set_prescaler
 .text.timer_set_period
                0x0000000008000538        0x4 ./libopencm3//lib/libopencm3_stm32f1.a(timer_common_all.o)
                0x0000000008000538                timer_set_period
 .text.timer_set_oc_value
                0x000000000800053c       0x20 ./libopencm3//lib/libopencm3_stm32f1.a(timer_common_all.o)
                0x000000000800053c                timer_set_oc_value
 .text.timer_get_counter
                0x000000000800055c        0x4 ./libopencm3//lib/libopencm3_stm32f1.a(timer_common_all.o)
                0x000000000800055c                timer_get_counter
 .text.rcc_periph_clock_enable
                0x0000000008000560       0x1a ./libopencm3//lib/libopencm3_stm32f1.a(rcc_common_all.o)
                0x0000000008000560                rcc_periph_clock_enable
 .text.rcc_periph_reset_pulse
                0x000000000800057a       0x22 ./libopencm3//lib/libopencm3_stm32f1.a(rcc_common_all.o)
                0x000000000800057a                rcc_periph_reset_pulse
 .text.flash_set_ws
                0x000000000800059c       0x14 ./libopencm3//lib/libopencm3_stm32f1.a(flash_common_all.o)
                0x000000000800059c                flash_set_ws
 .text.blocking_handler
                0x00000000080005b0        0x2 ./libopencm3//lib/libopencm3_stm32f1.a(vector.o)
                0x00000000080005b0                exti0_isr
                0x00000000080005b0                rtc_isr
                0x00000000080005b0                tim7_isr
                0x00000000080005b0                adc1_2_isr
                0x00000000080005b0                tim1_trg_com_isr
                0x00000000080005b0                usb_hp_can_tx_isr
                0x00000000080005b0                tim6_isr
                0x00000000080005b0                usb_wakeup_isr
                0x00000000080005b0                blocking_handler
                0x00000000080005b0                tim5_isr
                0x00000000080005b0                otg_fs_isr
                0x00000000080005b0                spi1_isr
                0x00000000080005b0                exti2_isr
                0x00000000080005b0                dma1_channel6_isr
                0x00000000080005b0                can_rx1_isr
                0x00000000080005b0                dma1_channel5_isr
                0x00000000080005b0                dma2_channel5_isr
                0x00000000080005b0                usart1_isr
                0x00000000080005b0                usage_fault_handler
                0x00000000080005b0                tim8_trg_com_isr
                0x00000000080005b0                can2_rx0_isr
                0x00000000080005b0                tim1_brk_isr
                0x00000000080005b0                can2_rx1_isr
                0x00000000080005b0                tim1_cc_isr
                0x00000000080005b0                sdio_isr
                0x00000000080005b0                eth_isr
                0x00000000080005b0                dma1_channel4_isr
                0x00000000080005b0                tim8_brk_isr
                0x00000000080005b0                dma2_channel4_5_isr
                0x00000000080005b0                pvd_isr
                0x00000000080005b0                rcc_isr
                0x00000000080005b0                flash_isr
                0x00000000080005b0                uart4_isr
                0x00000000080005b0                rtc_alarm_isr
                0x00000000080005b0                exti15_10_isr
                0x00000000080005b0                hard_fault_handler
                0x00000000080005b0                exti1_isr
                0x00000000080005b0                i2c1_ev_isr
                0x00000000080005b0                dma2_channel1_isr
                0x00000000080005b0                spi2_isr
                0x00000000080005b0                tim8_up_isr
                0x00000000080005b0                dma2_channel2_isr
                0x00000000080005b0                exti3_isr
                0x00000000080005b0                adc3_isr
                0x00000000080005b0                tim3_isr
                0x00000000080005b0                usart2_isr
                0x00000000080005b0                usb_lp_can_rx0_isr
                0x00000000080005b0                i2c2_er_isr
                0x00000000080005b0                i2c2_ev_isr
                0x00000000080005b0                uart5_isr
                0x00000000080005b0                fsmc_isr
                0x00000000080005b0                dma1_channel1_isr
                0x00000000080005b0                exti4_isr
                0x00000000080005b0                mem_manage_handler
                0x00000000080005b0                can2_tx_isr
                0x00000000080005b0                exti9_5_isr
                0x00000000080005b0                dma2_channel3_isr
                0x00000000080005b0                dma1_channel7_isr
                0x00000000080005b0                tim1_up_isr
                0x00000000080005b0                can2_sce_isr
                0x00000000080005b0                tim4_isr
                0x00000000080005b0                dma1_channel2_isr
                0x00000000080005b0                i2c1_er_isr
                0x00000000080005b0                can_sce_isr
                0x00000000080005b0                tim8_cc_isr
                0x00000000080005b0                tamper_isr
                0x00000000080005b0                eth_wkup_isr
                0x00000000080005b0                bus_fault_handler
                0x00000000080005b0                wwdg_isr
                0x00000000080005b0                dma1_channel3_isr
                0x00000000080005b0                spi3_isr
                0x00000000080005b0                usart3_isr
 .text.null_handler
                0x00000000080005b2        0x2 ./libopencm3//lib/libopencm3_stm32f1.a(vector.o)
                0x00000000080005b2                null_handler
                0x00000000080005b2                sv_call_handler
                0x00000000080005b2                pend_sv_handler
                0x00000000080005b2                debug_monitor_handler
                0x00000000080005b2                sys_tick_handler
                0x00000000080005b2                nmi_handler
 .text.reset_handler
                0x00000000080005b4       0x94 ./libopencm3//lib/libopencm3_stm32f1.a(vector.o)
                0x00000000080005b4                reset_handler
 .text.nvic_enable_irq
                0x0000000008000648       0x1a ./libopencm3//lib/libopencm3_stm32f1.a(nvic.o)
                0x0000000008000648                nvic_enable_irq
                0x0000000008000664                . = ALIGN (0x4)
 *fill*         0x0000000008000662        0x2 
 *(.rodata*)
                0x0000000008000664                . = ALIGN (0x4)

.glue_7         0x0000000008000664        0x0
 .glue_7        0x0000000008000664        0x0 linker stubs

.glue_7t        0x0000000008000664        0x0
 .glue_7t       0x0000000008000664        0x0 linker stubs

.vfp11_veneer   0x0000000008000664        0x0
 .vfp11_veneer  0x0000000008000664        0x0 linker stubs

.v4_bx          0x0000000008000664        0x0
 .v4_bx         0x0000000008000664        0x0 linker stubs

.iplt           0x0000000008000664        0x0
 .iplt          0x0000000008000664        0x0 main.o

.rel.dyn        0x0000000008000664        0x0
 .rel.iplt      0x0000000008000664        0x0 main.o

.preinit_array  0x0000000008000664        0x0
                0x0000000008000664                . = ALIGN (0x4)
                0x0000000008000664                __preinit_array_start = .
 *(.preinit_array)
                0x0000000008000664                __preinit_array_end = .

.init_array     0x0000000008000664        0x0
                0x0000000008000664                . = ALIGN (0x4)
                0x0000000008000664                __init_array_start = .
 *(SORT_BY_NAME(.init_array.*))
 *(.init_array)
                0x0000000008000664                __init_array_end = .

.fini_array     0x0000000008000664        0x0
                0x0000000008000664                . = ALIGN (0x4)
                0x0000000008000664                __fini_array_start = .
 *(.fini_array)
 *(SORT_BY_NAME(.fini_array.*))
                0x0000000008000664                __fini_array_end = .

.ARM.extab
 *(.ARM.extab*)

.ARM.exidx      0x0000000008000664        0x0
                0x0000000008000664                __exidx_start = .
 *(.ARM.exidx*)
                0x0000000008000664                __exidx_end = .
                0x0000000008000664                . = ALIGN (0x4)
                0x0000000008000664                _etext = .

.data           0x0000000020000000       0x10 load address 0x0000000008000664
                0x0000000020000000                _data = .
 *(.data*)
 .data.frequency_sequence
                0x0000000020000000        0x4 main.o
                0x0000000020000000                frequency_sequence
 .data.rcc_ahb_frequency
                0x0000000020000004        0x4 ./libopencm3//lib/libopencm3_stm32f1.a(rcc.o)
                0x0000000020000004                rcc_ahb_frequency
 .data.rcc_apb1_frequency
                0x0000000020000008        0x4 ./libopencm3//lib/libopencm3_stm32f1.a(rcc.o)
                0x0000000020000008                rcc_apb1_frequency
 .data.rcc_apb2_frequency
                0x000000002000000c        0x4 ./libopencm3//lib/libopencm3_stm32f1.a(rcc.o)
                0x000000002000000c                rcc_apb2_frequency
                0x0000000020000010                . = ALIGN (0x4)
                0x0000000020000010                _edata = .
                0x0000000008000664                _data_loadaddr = LOADADDR (.data)

.igot.plt       0x0000000020000010        0x0 load address 0x0000000008000674
 .igot.plt      0x0000000020000010        0x0 main.o

.bss            0x0000000020000010        0x4 load address 0x0000000008000674
 *(.bss*)
 .bss.frequency_sel
                0x0000000020000010        0x4 main.o
                0x0000000020000010                frequency_sel
 *(COMMON)
                0x0000000020000014                . = ALIGN (0x4)
                0x0000000020000014                _ebss = .

/DISCARD/
 *(.eh_frame)
                0x0000000020000014                . = ALIGN (0x4)
                0x0000000020000014                end = .
                0x0000000020005000                PROVIDE (_stack = (ORIGIN (ram) + LENGTH (ram)))
OUTPUT(flash.elf elf32-littlearm)

.debug_info     0x0000000000000000     0x3934
 .debug_info    0x0000000000000000      0x828 main.o
 .debug_info    0x0000000000000828      0x1db ./libopencm3//lib/libopencm3_stm32f1.a(gpio.o)
 .debug_info    0x0000000000000a03     0x1160 ./libopencm3//lib/libopencm3_stm32f1.a(rcc.o)
 .debug_info    0x0000000000001b63      0x22c ./libopencm3//lib/libopencm3_stm32f1.a(gpio_common_all.o)
 .debug_info    0x0000000000001d8f     0x1008 ./libopencm3//lib/libopencm3_stm32f1.a(timer_common_all.o)
 .debug_info    0x0000000000002d97      0x5f5 ./libopencm3//lib/libopencm3_stm32f1.a(rcc_common_all.o)
 .debug_info    0x000000000000338c       0xec ./libopencm3//lib/libopencm3_stm32f1.a(flash_common_all.o)
 .debug_info    0x0000000000003478      0x2a8 ./libopencm3//lib/libopencm3_stm32f1.a(vector.o)
 .debug_info    0x0000000000003720      0x214 ./libopencm3//lib/libopencm3_stm32f1.a(nvic.o)

.debug_abbrev   0x0000000000000000      0xb19
 .debug_abbrev  0x0000000000000000      0x1d8 main.o
 .debug_abbrev  0x00000000000001d8       0xb7 ./libopencm3//lib/libopencm3_stm32f1.a(gpio.o)
 .debug_abbrev  0x000000000000028f      0x285 ./libopencm3//lib/libopencm3_stm32f1.a(rcc.o)
 .debug_abbrev  0x0000000000000514       0xf4 ./libopencm3//lib/libopencm3_stm32f1.a(gpio_common_all.o)
 .debug_abbrev  0x0000000000000608      0x181 ./libopencm3//lib/libopencm3_stm32f1.a(timer_common_all.o)
 .debug_abbrev  0x0000000000000789      0x139 ./libopencm3//lib/libopencm3_stm32f1.a(rcc_common_all.o)
 .debug_abbrev  0x00000000000008c2       0x8a ./libopencm3//lib/libopencm3_stm32f1.a(flash_common_all.o)
 .debug_abbrev  0x000000000000094c      0x127 ./libopencm3//lib/libopencm3_stm32f1.a(vector.o)
 .debug_abbrev  0x0000000000000a73       0xa6 ./libopencm3//lib/libopencm3_stm32f1.a(nvic.o)

.debug_loc      0x0000000000000000     0x118a
 .debug_loc     0x0000000000000000       0x88 main.o
 .debug_loc     0x0000000000000088      0x48a ./libopencm3//lib/libopencm3_stm32f1.a(gpio.o)
 .debug_loc     0x0000000000000512      0x480 ./libopencm3//lib/libopencm3_stm32f1.a(rcc.o)
 .debug_loc     0x0000000000000992       0x97 ./libopencm3//lib/libopencm3_stm32f1.a(gpio_common_all.o)
 .debug_loc     0x0000000000000a29      0x407 ./libopencm3//lib/libopencm3_stm32f1.a(timer_common_all.o)
 .debug_loc     0x0000000000000e30      0x108 ./libopencm3//lib/libopencm3_stm32f1.a(rcc_common_all.o)
 .debug_loc     0x0000000000000f38       0x3f ./libopencm3//lib/libopencm3_stm32f1.a(flash_common_all.o)
 .debug_loc     0x0000000000000f77       0xea ./libopencm3//lib/libopencm3_stm32f1.a(vector.o)
 .debug_loc     0x0000000000001061      0x129 ./libopencm3//lib/libopencm3_stm32f1.a(nvic.o)

.debug_aranges  0x0000000000000000      0x5a8
 .debug_aranges
                0x0000000000000000       0x30 main.o
 .debug_aranges
                0x0000000000000030       0x38 ./libopencm3//lib/libopencm3_stm32f1.a(gpio.o)
 .debug_aranges
                0x0000000000000068      0x158 ./libopencm3//lib/libopencm3_stm32f1.a(rcc.o)
 .debug_aranges
                0x00000000000001c0       0x50 ./libopencm3//lib/libopencm3_stm32f1.a(gpio_common_all.o)
 .debug_aranges
                0x0000000000000210      0x268 ./libopencm3//lib/libopencm3_stm32f1.a(timer_common_all.o)
 .debug_aranges
                0x0000000000000478       0x68 ./libopencm3//lib/libopencm3_stm32f1.a(rcc_common_all.o)
 .debug_aranges
                0x00000000000004e0       0x38 ./libopencm3//lib/libopencm3_stm32f1.a(flash_common_all.o)
 .debug_aranges
                0x0000000000000518       0x30 ./libopencm3//lib/libopencm3_stm32f1.a(vector.o)
 .debug_aranges
                0x0000000000000548       0x60 ./libopencm3//lib/libopencm3_stm32f1.a(nvic.o)

.debug_ranges   0x0000000000000000      0x5a8
 .debug_ranges  0x0000000000000000       0x50 main.o
 .debug_ranges  0x0000000000000050       0x28 ./libopencm3//lib/libopencm3_stm32f1.a(gpio.o)
 .debug_ranges  0x0000000000000078      0x1a8 ./libopencm3//lib/libopencm3_stm32f1.a(rcc.o)
 .debug_ranges  0x0000000000000220       0x40 ./libopencm3//lib/libopencm3_stm32f1.a(gpio_common_all.o)
 .debug_ranges  0x0000000000000260      0x258 ./libopencm3//lib/libopencm3_stm32f1.a(timer_common_all.o)
 .debug_ranges  0x00000000000004b8       0x58 ./libopencm3//lib/libopencm3_stm32f1.a(rcc_common_all.o)
 .debug_ranges  0x0000000000000510       0x28 ./libopencm3//lib/libopencm3_stm32f1.a(flash_common_all.o)
 .debug_ranges  0x0000000000000538       0x20 ./libopencm3//lib/libopencm3_stm32f1.a(vector.o)
 .debug_ranges  0x0000000000000558       0x50 ./libopencm3//lib/libopencm3_stm32f1.a(nvic.o)

.debug_macro    0x0000000000000000     0x49e6
 .debug_macro   0x0000000000000000      0x11b main.o
 .debug_macro   0x000000000000011b      0xa4e main.o
 .debug_macro   0x0000000000000b69       0x22 main.o
 .debug_macro   0x0000000000000b8b       0x56 main.o
 .debug_macro   0x0000000000000be1       0x51 main.o
 .debug_macro   0x0000000000000c32       0xef main.o
 .debug_macro   0x0000000000000d21       0x6a main.o
 .debug_macro   0x0000000000000d8b      0x1df main.o
 .debug_macro   0x0000000000000f6a       0x22 main.o
 .debug_macro   0x0000000000000f8c       0xfa main.o
 .debug_macro   0x0000000000001086       0x58 main.o
 .debug_macro   0x00000000000010de       0x64 main.o
 .debug_macro   0x0000000000001142      0x1a2 main.o
 .debug_macro   0x00000000000012e4      0x1ba main.o
 .debug_macro   0x000000000000149e      0x82c main.o
 .debug_macro   0x0000000000001cca       0x76 main.o
 .debug_macro   0x0000000000001d40      0xdfd main.o
 .debug_macro   0x0000000000002b3d      0xf96 main.o
 .debug_macro   0x0000000000003ad3       0xb9 ./libopencm3//lib/libopencm3_stm32f1.a(gpio.o)
 .debug_macro   0x0000000000003b8c      0x1b4 ./libopencm3//lib/libopencm3_stm32f1.a(gpio.o)
 .debug_macro   0x0000000000003d40       0xe8 ./libopencm3//lib/libopencm3_stm32f1.a(rcc.o)
 .debug_macro   0x0000000000003e28       0x16 ./libopencm3//lib/libopencm3_stm32f1.a(rcc.o)
 .debug_macro   0x0000000000003e3e       0xee ./libopencm3//lib/libopencm3_stm32f1.a(rcc.o)
 .debug_macro   0x0000000000003f2c       0x82 ./libopencm3//lib/libopencm3_stm32f1.a(rcc.o)
 .debug_macro   0x0000000000003fae       0xb9 ./libopencm3//lib/libopencm3_stm32f1.a(gpio_common_all.o)
 .debug_macro   0x0000000000004067       0xcc ./libopencm3//lib/libopencm3_stm32f1.a(timer_common_all.o)
 .debug_macro   0x0000000000004133       0xcf ./libopencm3//lib/libopencm3_stm32f1.a(rcc_common_all.o)
 .debug_macro   0x0000000000004202       0xc1 ./libopencm3//lib/libopencm3_stm32f1.a(flash_common_all.o)
 .debug_macro   0x00000000000042c3       0xd0 ./libopencm3//lib/libopencm3_stm32f1.a(vector.o)
 .debug_macro   0x0000000000004393      0x3a1 ./libopencm3//lib/libopencm3_stm32f1.a(vector.o)
 .debug_macro   0x0000000000004734       0x6a ./libopencm3//lib/libopencm3_stm32f1.a(vector.o)
 .debug_macro   0x000000000000479e       0xb4 ./libopencm3//lib/libopencm3_stm32f1.a(nvic.o)
 .debug_macro   0x0000000000004852      0x194 ./libopencm3//lib/libopencm3_stm32f1.a(nvic.o)

.debug_line     0x0000000000000000     0x2ca1
 .debug_line    0x0000000000000000      0x44d main.o
 .debug_line    0x000000000000044d      0x3a4 ./libopencm3//lib/libopencm3_stm32f1.a(gpio.o)
 .debug_line    0x00000000000007f1      0x79f ./libopencm3//lib/libopencm3_stm32f1.a(rcc.o)
 .debug_line    0x0000000000000f90      0x3db ./libopencm3//lib/libopencm3_stm32f1.a(gpio_common_all.o)
 .debug_line    0x000000000000136b      0x9bd ./libopencm3//lib/libopencm3_stm32f1.a(timer_common_all.o)
 .debug_line    0x0000000000001d28      0x40f ./libopencm3//lib/libopencm3_stm32f1.a(rcc_common_all.o)
 .debug_line    0x0000000000002137      0x3cc ./libopencm3//lib/libopencm3_stm32f1.a(flash_common_all.o)
 .debug_line    0x0000000000002503      0x3f2 ./libopencm3//lib/libopencm3_stm32f1.a(vector.o)
 .debug_line    0x00000000000028f5      0x3ac ./libopencm3//lib/libopencm3_stm32f1.a(nvic.o)

.debug_str      0x0000000000000000    0x134e2
 .debug_str     0x0000000000000000     0xf578 main.o
                                       0xf701 (size before relaxing)
 .debug_str     0x000000000000f578      0x175 ./libopencm3//lib/libopencm3_stm32f1.a(gpio.o)
                                       0x842b (size before relaxing)
 .debug_str     0x000000000000f6ed      0xc8c ./libopencm3//lib/libopencm3_stm32f1.a(rcc.o)
                                       0x7d36 (size before relaxing)
 .debug_str     0x0000000000010379       0x65 ./libopencm3//lib/libopencm3_stm32f1.a(gpio_common_all.o)
                                       0x841f (size before relaxing)
 .debug_str     0x00000000000103de      0x9b9 ./libopencm3//lib/libopencm3_stm32f1.a(timer_common_all.o)
                                       0xbc05 (size before relaxing)
 .debug_str     0x0000000000010d97      0x168 ./libopencm3//lib/libopencm3_stm32f1.a(rcc_common_all.o)
                                       0x764c (size before relaxing)
 .debug_str     0x0000000000010eff       0x64 ./libopencm3//lib/libopencm3_stm32f1.a(flash_common_all.o)
                                       0x540f (size before relaxing)
 .debug_str     0x0000000000010f63     0x1cff ./libopencm3//lib/libopencm3_stm32f1.a(vector.o)
                                       0x6573 (size before relaxing)
 .debug_str     0x0000000000012c62      0x880 ./libopencm3//lib/libopencm3_stm32f1.a(nvic.o)
                                       0x5128 (size before relaxing)

.comment        0x0000000000000000       0x71
 .comment       0x0000000000000000       0x71 main.o
                                         0x72 (size before relaxing)
 .comment       0x0000000000000071       0x72 ./libopencm3//lib/libopencm3_stm32f1.a(gpio.o)
 .comment       0x0000000000000071       0x72 ./libopencm3//lib/libopencm3_stm32f1.a(rcc.o)
 .comment       0x0000000000000071       0x72 ./libopencm3//lib/libopencm3_stm32f1.a(gpio_common_all.o)
 .comment       0x0000000000000071       0x72 ./libopencm3//lib/libopencm3_stm32f1.a(timer_common_all.o)
 .comment       0x0000000000000071       0x72 ./libopencm3//lib/libopencm3_stm32f1.a(rcc_common_all.o)
 .comment       0x0000000000000071       0x72 ./libopencm3//lib/libopencm3_stm32f1.a(flash_common_all.o)
 .comment       0x0000000000000071       0x72 ./libopencm3//lib/libopencm3_stm32f1.a(vector.o)
 .comment       0x0000000000000071       0x72 ./libopencm3//lib/libopencm3_stm32f1.a(nvic.o)

.ARM.attributes
                0x0000000000000000       0x33
 .ARM.attributes
                0x0000000000000000       0x33 main.o
 .ARM.attributes
                0x0000000000000033       0x33 ./libopencm3//lib/libopencm3_stm32f1.a(gpio.o)
 .ARM.attributes
                0x0000000000000066       0x33 ./libopencm3//lib/libopencm3_stm32f1.a(rcc.o)
 .ARM.attributes
                0x0000000000000099       0x33 ./libopencm3//lib/libopencm3_stm32f1.a(gpio_common_all.o)
 .ARM.attributes
                0x00000000000000cc       0x33 ./libopencm3//lib/libopencm3_stm32f1.a(timer_common_all.o)
 .ARM.attributes
                0x00000000000000ff       0x33 ./libopencm3//lib/libopencm3_stm32f1.a(rcc_common_all.o)
 .ARM.attributes
                0x0000000000000132       0x33 ./libopencm3//lib/libopencm3_stm32f1.a(flash_common_all.o)
 .ARM.attributes
                0x0000000000000165       0x33 ./libopencm3//lib/libopencm3_stm32f1.a(vector.o)
 .ARM.attributes
                0x0000000000000198       0x33 ./libopencm3//lib/libopencm3_stm32f1.a(nvic.o)

.debug_frame    0x0000000000000000      0xaf8
 .debug_frame   0x0000000000000000       0x58 main.o
 .debug_frame   0x0000000000000058       0x64 ./libopencm3//lib/libopencm3_stm32f1.a(gpio.o)
 .debug_frame   0x00000000000000bc      0x2e0 ./libopencm3//lib/libopencm3_stm32f1.a(rcc.o)
 .debug_frame   0x000000000000039c       0x80 ./libopencm3//lib/libopencm3_stm32f1.a(gpio_common_all.o)
 .debug_frame   0x000000000000041c      0x4d0 ./libopencm3//lib/libopencm3_stm32f1.a(timer_common_all.o)
 .debug_frame   0x00000000000008ec       0xd0 ./libopencm3//lib/libopencm3_stm32f1.a(rcc_common_all.o)
 .debug_frame   0x00000000000009bc       0x50 ./libopencm3//lib/libopencm3_stm32f1.a(flash_common_all.o)
 .debug_frame   0x0000000000000a0c       0x4c ./libopencm3//lib/libopencm3_stm32f1.a(vector.o)
 .debug_frame   0x0000000000000a58       0xa0 ./libopencm3//lib/libopencm3_stm32f1.a(nvic.o)

Cross Reference Table

Symbol                                            File
__fini_array_end                                  ./libopencm3//lib/libopencm3_stm32f1.a(vector.o)
__fini_array_start                                ./libopencm3//lib/libopencm3_stm32f1.a(vector.o)
__init_array_end                                  ./libopencm3//lib/libopencm3_stm32f1.a(vector.o)
__init_array_start                                ./libopencm3//lib/libopencm3_stm32f1.a(vector.o)
__preinit_array_end                               ./libopencm3//lib/libopencm3_stm32f1.a(vector.o)
__preinit_array_start                             ./libopencm3//lib/libopencm3_stm32f1.a(vector.o)
_data                                             ./libopencm3//lib/libopencm3_stm32f1.a(vector.o)
_data_loadaddr                                    ./libopencm3//lib/libopencm3_stm32f1.a(vector.o)
_ebss                                             ./libopencm3//lib/libopencm3_stm32f1.a(vector.o)
_edata                                            ./libopencm3//lib/libopencm3_stm32f1.a(vector.o)
_stack                                            ./libopencm3//lib/libopencm3_stm32f1.a(vector.o)
adc1_2_isr                                        ./libopencm3//lib/libopencm3_stm32f1.a(vector.o)
adc3_isr                                          ./libopencm3//lib/libopencm3_stm32f1.a(vector.o)
blocking_handler                                  ./libopencm3//lib/libopencm3_stm32f1.a(vector.o)
bus_fault_handler                                 ./libopencm3//lib/libopencm3_stm32f1.a(vector.o)
can2_rx0_isr                                      ./libopencm3//lib/libopencm3_stm32f1.a(vector.o)
can2_rx1_isr                                      ./libopencm3//lib/libopencm3_stm32f1.a(vector.o)
can2_sce_isr                                      ./libopencm3//lib/libopencm3_stm32f1.a(vector.o)
can2_tx_isr                                       ./libopencm3//lib/libopencm3_stm32f1.a(vector.o)
can_rx1_isr                                       ./libopencm3//lib/libopencm3_stm32f1.a(vector.o)
can_sce_isr                                       ./libopencm3//lib/libopencm3_stm32f1.a(vector.o)
cm3_assert_failed                                 ./libopencm3//lib/libopencm3_stm32f1.a(assert.o)
                                                  ./libopencm3//lib/libopencm3_stm32f1.a(rcc.o)
cm3_assert_failed_verbose                         ./libopencm3//lib/libopencm3_stm32f1.a(assert.o)
debug_monitor_handler                             ./libopencm3//lib/libopencm3_stm32f1.a(vector.o)
dma1_channel1_isr                                 ./libopencm3//lib/libopencm3_stm32f1.a(vector.o)
dma1_channel2_isr                                 ./libopencm3//lib/libopencm3_stm32f1.a(vector.o)
dma1_channel3_isr                                 ./libopencm3//lib/libopencm3_stm32f1.a(vector.o)
dma1_channel4_isr                                 ./libopencm3//lib/libopencm3_stm32f1.a(vector.o)
dma1_channel5_isr                                 ./libopencm3//lib/libopencm3_stm32f1.a(vector.o)
dma1_channel6_isr                                 ./libopencm3//lib/libopencm3_stm32f1.a(vector.o)
dma1_channel7_isr                                 ./libopencm3//lib/libopencm3_stm32f1.a(vector.o)
dma2_channel1_isr                                 ./libopencm3//lib/libopencm3_stm32f1.a(vector.o)
dma2_channel2_isr                                 ./libopencm3//lib/libopencm3_stm32f1.a(vector.o)
dma2_channel3_isr                                 ./libopencm3//lib/libopencm3_stm32f1.a(vector.o)
dma2_channel4_5_isr                               ./libopencm3//lib/libopencm3_stm32f1.a(vector.o)
dma2_channel5_isr                                 ./libopencm3//lib/libopencm3_stm32f1.a(vector.o)
eth_isr                                           ./libopencm3//lib/libopencm3_stm32f1.a(vector.o)
eth_wkup_isr                                      ./libopencm3//lib/libopencm3_stm32f1.a(vector.o)
exti0_isr                                         ./libopencm3//lib/libopencm3_stm32f1.a(vector.o)
exti15_10_isr                                     ./libopencm3//lib/libopencm3_stm32f1.a(vector.o)
exti1_isr                                         ./libopencm3//lib/libopencm3_stm32f1.a(vector.o)
exti2_isr                                         ./libopencm3//lib/libopencm3_stm32f1.a(vector.o)
exti3_isr                                         ./libopencm3//lib/libopencm3_stm32f1.a(vector.o)
exti4_isr                                         ./libopencm3//lib/libopencm3_stm32f1.a(vector.o)
exti9_5_isr                                       ./libopencm3//lib/libopencm3_stm32f1.a(vector.o)
flash_isr                                         ./libopencm3//lib/libopencm3_stm32f1.a(vector.o)
flash_prefetch_disable                            ./libopencm3//lib/libopencm3_stm32f1.a(flash_common_all.o)
flash_prefetch_enable                             ./libopencm3//lib/libopencm3_stm32f1.a(flash_common_all.o)
flash_set_ws                                      ./libopencm3//lib/libopencm3_stm32f1.a(flash_common_all.o)
                                                  ./libopencm3//lib/libopencm3_stm32f1.a(rcc.o)
flash_unlock_option_bytes                         ./libopencm3//lib/libopencm3_stm32f1.a(flash_common_all.o)
frequency_sel                                     main.o
frequency_sequence                                main.o
fsmc_isr                                          ./libopencm3//lib/libopencm3_stm32f1.a(vector.o)
gpio_clear                                        ./libopencm3//lib/libopencm3_stm32f1.a(gpio_common_all.o)
gpio_get                                          ./libopencm3//lib/libopencm3_stm32f1.a(gpio_common_all.o)
gpio_port_config_lock                             ./libopencm3//lib/libopencm3_stm32f1.a(gpio_common_all.o)
gpio_port_read                                    ./libopencm3//lib/libopencm3_stm32f1.a(gpio_common_all.o)
gpio_port_write                                   ./libopencm3//lib/libopencm3_stm32f1.a(gpio_common_all.o)
gpio_primary_remap                                ./libopencm3//lib/libopencm3_stm32f1.a(gpio.o)
gpio_secondary_remap                              ./libopencm3//lib/libopencm3_stm32f1.a(gpio.o)
gpio_set                                          ./libopencm3//lib/libopencm3_stm32f1.a(gpio_common_all.o)
                                                  main.o
gpio_set_eventout                                 ./libopencm3//lib/libopencm3_stm32f1.a(gpio.o)
gpio_set_mode                                     ./libopencm3//lib/libopencm3_stm32f1.a(gpio.o)
                                                  main.o
gpio_toggle                                       ./libopencm3//lib/libopencm3_stm32f1.a(gpio_common_all.o)
                                                  main.o
hard_fault_handler                                ./libopencm3//lib/libopencm3_stm32f1.a(vector.o)
i2c1_er_isr                                       ./libopencm3//lib/libopencm3_stm32f1.a(vector.o)
i2c1_ev_isr                                       ./libopencm3//lib/libopencm3_stm32f1.a(vector.o)
i2c2_er_isr                                       ./libopencm3//lib/libopencm3_stm32f1.a(vector.o)
i2c2_ev_isr                                       ./libopencm3//lib/libopencm3_stm32f1.a(vector.o)
main                                              main.o
                                                  ./libopencm3//lib/libopencm3_stm32f1.a(vector.o)
mem_manage_handler                                ./libopencm3//lib/libopencm3_stm32f1.a(vector.o)
nmi_handler                                       ./libopencm3//lib/libopencm3_stm32f1.a(vector.o)
null_handler                                      ./libopencm3//lib/libopencm3_stm32f1.a(vector.o)
nvic_clear_pending_irq                            ./libopencm3//lib/libopencm3_stm32f1.a(nvic.o)
nvic_disable_irq                                  ./libopencm3//lib/libopencm3_stm32f1.a(nvic.o)
nvic_enable_irq                                   ./libopencm3//lib/libopencm3_stm32f1.a(nvic.o)
                                                  main.o
nvic_generate_software_interrupt                  ./libopencm3//lib/libopencm3_stm32f1.a(nvic.o)
nvic_get_active_irq                               ./libopencm3//lib/libopencm3_stm32f1.a(nvic.o)
nvic_get_irq_enabled                              ./libopencm3//lib/libopencm3_stm32f1.a(nvic.o)
nvic_get_pending_irq                              ./libopencm3//lib/libopencm3_stm32f1.a(nvic.o)
nvic_set_pending_irq                              ./libopencm3//lib/libopencm3_stm32f1.a(nvic.o)
nvic_set_priority                                 ./libopencm3//lib/libopencm3_stm32f1.a(nvic.o)
otg_fs_isr                                        ./libopencm3//lib/libopencm3_stm32f1.a(vector.o)
pend_sv_handler                                   ./libopencm3//lib/libopencm3_stm32f1.a(vector.o)
pvd_isr                                           ./libopencm3//lib/libopencm3_stm32f1.a(vector.o)
rcc_ahb_frequency                                 ./libopencm3//lib/libopencm3_stm32f1.a(rcc.o)
rcc_apb1_frequency                                ./libopencm3//lib/libopencm3_stm32f1.a(rcc.o)
                                                  main.o
rcc_apb2_frequency                                ./libopencm3//lib/libopencm3_stm32f1.a(rcc.o)
rcc_backupdomain_reset                            ./libopencm3//lib/libopencm3_stm32f1.a(rcc.o)
rcc_clock_setup_in_hse_12mhz_out_72mhz            ./libopencm3//lib/libopencm3_stm32f1.a(rcc.o)
rcc_clock_setup_in_hse_16mhz_out_72mhz            ./libopencm3//lib/libopencm3_stm32f1.a(rcc.o)
rcc_clock_setup_in_hse_25mhz_out_72mhz            ./libopencm3//lib/libopencm3_stm32f1.a(rcc.o)
rcc_clock_setup_in_hse_8mhz_out_24mhz             ./libopencm3//lib/libopencm3_stm32f1.a(rcc.o)
rcc_clock_setup_in_hse_8mhz_out_72mhz             ./libopencm3//lib/libopencm3_stm32f1.a(rcc.o)
                                                  main.o
rcc_clock_setup_in_hsi_out_24mhz                  ./libopencm3//lib/libopencm3_stm32f1.a(rcc.o)
rcc_clock_setup_in_hsi_out_48mhz                  ./libopencm3//lib/libopencm3_stm32f1.a(rcc.o)
rcc_clock_setup_in_hsi_out_64mhz                  ./libopencm3//lib/libopencm3_stm32f1.a(rcc.o)
rcc_css_disable                                   ./libopencm3//lib/libopencm3_stm32f1.a(rcc.o)
rcc_css_enable                                    ./libopencm3//lib/libopencm3_stm32f1.a(rcc.o)
rcc_css_int_clear                                 ./libopencm3//lib/libopencm3_stm32f1.a(rcc.o)
rcc_css_int_flag                                  ./libopencm3//lib/libopencm3_stm32f1.a(rcc.o)
rcc_enable_rtc_clock                              ./libopencm3//lib/libopencm3_stm32f1.a(rcc.o)
rcc_is_osc_ready                                  ./libopencm3//lib/libopencm3_stm32f1.a(rcc.o)
rcc_isr                                           ./libopencm3//lib/libopencm3_stm32f1.a(vector.o)
rcc_osc_bypass_disable                            ./libopencm3//lib/libopencm3_stm32f1.a(rcc_common_all.o)
rcc_osc_bypass_enable                             ./libopencm3//lib/libopencm3_stm32f1.a(rcc_common_all.o)
rcc_osc_off                                       ./libopencm3//lib/libopencm3_stm32f1.a(rcc.o)
rcc_osc_on                                        ./libopencm3//lib/libopencm3_stm32f1.a(rcc.o)
rcc_osc_ready_int_clear                           ./libopencm3//lib/libopencm3_stm32f1.a(rcc.o)
rcc_osc_ready_int_disable                         ./libopencm3//lib/libopencm3_stm32f1.a(rcc.o)
rcc_osc_ready_int_enable                          ./libopencm3//lib/libopencm3_stm32f1.a(rcc.o)
rcc_osc_ready_int_flag                            ./libopencm3//lib/libopencm3_stm32f1.a(rcc.o)
rcc_periph_clock_disable                          ./libopencm3//lib/libopencm3_stm32f1.a(rcc_common_all.o)
rcc_periph_clock_enable                           ./libopencm3//lib/libopencm3_stm32f1.a(rcc_common_all.o)
                                                  main.o
rcc_periph_reset_hold                             ./libopencm3//lib/libopencm3_stm32f1.a(rcc_common_all.o)
rcc_periph_reset_pulse                            ./libopencm3//lib/libopencm3_stm32f1.a(rcc_common_all.o)
                                                  main.o
rcc_periph_reset_release                          ./libopencm3//lib/libopencm3_stm32f1.a(rcc_common_all.o)
rcc_peripheral_clear_reset                        ./libopencm3//lib/libopencm3_stm32f1.a(rcc_common_all.o)
rcc_peripheral_disable_clock                      ./libopencm3//lib/libopencm3_stm32f1.a(rcc_common_all.o)
rcc_peripheral_enable_clock                       ./libopencm3//lib/libopencm3_stm32f1.a(rcc_common_all.o)
rcc_peripheral_reset                              ./libopencm3//lib/libopencm3_stm32f1.a(rcc_common_all.o)
rcc_rtc_clock_enabled_flag                        ./libopencm3//lib/libopencm3_stm32f1.a(rcc.o)
rcc_set_adcpre                                    ./libopencm3//lib/libopencm3_stm32f1.a(rcc.o)
rcc_set_hpre                                      ./libopencm3//lib/libopencm3_stm32f1.a(rcc.o)
rcc_set_mco                                       ./libopencm3//lib/libopencm3_stm32f1.a(rcc_common_all.o)
rcc_set_pll2_multiplication_factor                ./libopencm3//lib/libopencm3_stm32f1.a(rcc.o)
rcc_set_pll3_multiplication_factor                ./libopencm3//lib/libopencm3_stm32f1.a(rcc.o)
rcc_set_pll_multiplication_factor                 ./libopencm3//lib/libopencm3_stm32f1.a(rcc.o)
rcc_set_pll_source                                ./libopencm3//lib/libopencm3_stm32f1.a(rcc.o)
rcc_set_pllxtpre                                  ./libopencm3//lib/libopencm3_stm32f1.a(rcc.o)
rcc_set_ppre1                                     ./libopencm3//lib/libopencm3_stm32f1.a(rcc.o)
rcc_set_ppre2                                     ./libopencm3//lib/libopencm3_stm32f1.a(rcc.o)
rcc_set_prediv1                                   ./libopencm3//lib/libopencm3_stm32f1.a(rcc.o)
rcc_set_prediv1_source                            ./libopencm3//lib/libopencm3_stm32f1.a(rcc.o)
rcc_set_prediv2                                   ./libopencm3//lib/libopencm3_stm32f1.a(rcc.o)
rcc_set_rtc_clock_source                          ./libopencm3//lib/libopencm3_stm32f1.a(rcc.o)
rcc_set_sysclk_source                             ./libopencm3//lib/libopencm3_stm32f1.a(rcc.o)
rcc_set_usbpre                                    ./libopencm3//lib/libopencm3_stm32f1.a(rcc.o)
rcc_system_clock_source                           ./libopencm3//lib/libopencm3_stm32f1.a(rcc.o)
rcc_wait_for_osc_ready                            ./libopencm3//lib/libopencm3_stm32f1.a(rcc.o)
reset_handler                                     ./libopencm3//lib/libopencm3_stm32f1.a(vector.o)
rtc_alarm_isr                                     ./libopencm3//lib/libopencm3_stm32f1.a(vector.o)
rtc_isr                                           ./libopencm3//lib/libopencm3_stm32f1.a(vector.o)
sdio_isr                                          ./libopencm3//lib/libopencm3_stm32f1.a(vector.o)
setPWM                                            main.o
spi1_isr                                          ./libopencm3//lib/libopencm3_stm32f1.a(vector.o)
spi2_isr                                          ./libopencm3//lib/libopencm3_stm32f1.a(vector.o)
spi3_isr                                          ./libopencm3//lib/libopencm3_stm32f1.a(vector.o)
sv_call_handler                                   ./libopencm3//lib/libopencm3_stm32f1.a(vector.o)
sys_tick_handler                                  ./libopencm3//lib/libopencm3_stm32f1.a(vector.o)
tamper_isr                                        ./libopencm3//lib/libopencm3_stm32f1.a(vector.o)
tim1_brk_isr                                      ./libopencm3//lib/libopencm3_stm32f1.a(vector.o)
tim1_cc_isr                                       ./libopencm3//lib/libopencm3_stm32f1.a(vector.o)
tim1_trg_com_isr                                  ./libopencm3//lib/libopencm3_stm32f1.a(vector.o)
tim1_up_isr                                       ./libopencm3//lib/libopencm3_stm32f1.a(vector.o)
tim2_isr                                          main.o
tim3_isr                                          ./libopencm3//lib/libopencm3_stm32f1.a(vector.o)
tim4_isr                                          ./libopencm3//lib/libopencm3_stm32f1.a(vector.o)
tim5_isr                                          ./libopencm3//lib/libopencm3_stm32f1.a(vector.o)
tim6_isr                                          ./libopencm3//lib/libopencm3_stm32f1.a(vector.o)
tim7_isr                                          ./libopencm3//lib/libopencm3_stm32f1.a(vector.o)
tim8_brk_isr                                      ./libopencm3//lib/libopencm3_stm32f1.a(vector.o)
tim8_cc_isr                                       ./libopencm3//lib/libopencm3_stm32f1.a(vector.o)
tim8_trg_com_isr                                  ./libopencm3//lib/libopencm3_stm32f1.a(vector.o)
tim8_up_isr                                       ./libopencm3//lib/libopencm3_stm32f1.a(vector.o)
timer_clear_flag                                  ./libopencm3//lib/libopencm3_stm32f1.a(timer_common_all.o)
                                                  main.o
timer_continuous_mode                             ./libopencm3//lib/libopencm3_stm32f1.a(timer_common_all.o)
                                                  main.o
timer_direction_down                              ./libopencm3//lib/libopencm3_stm32f1.a(timer_common_all.o)
timer_direction_up                                ./libopencm3//lib/libopencm3_stm32f1.a(timer_common_all.o)
timer_disable_break                               ./libopencm3//lib/libopencm3_stm32f1.a(timer_common_all.o)
timer_disable_break_automatic_output              ./libopencm3//lib/libopencm3_stm32f1.a(timer_common_all.o)
timer_disable_break_main_output                   ./libopencm3//lib/libopencm3_stm32f1.a(timer_common_all.o)
timer_disable_compare_control_update_on_trigger   ./libopencm3//lib/libopencm3_stm32f1.a(timer_common_all.o)
timer_disable_counter                             ./libopencm3//lib/libopencm3_stm32f1.a(timer_common_all.o)
timer_disable_irq                                 ./libopencm3//lib/libopencm3_stm32f1.a(timer_common_all.o)
timer_disable_oc_clear                            ./libopencm3//lib/libopencm3_stm32f1.a(timer_common_all.o)
timer_disable_oc_output                           ./libopencm3//lib/libopencm3_stm32f1.a(timer_common_all.o)
timer_disable_oc_preload                          ./libopencm3//lib/libopencm3_stm32f1.a(timer_common_all.o)
timer_disable_preload                             ./libopencm3//lib/libopencm3_stm32f1.a(timer_common_all.o)
                                                  main.o
timer_disable_preload_complementry_enable_bits    ./libopencm3//lib/libopencm3_stm32f1.a(timer_common_all.o)
timer_disable_update_event                        ./libopencm3//lib/libopencm3_stm32f1.a(timer_common_all.o)
timer_enable_break                                ./libopencm3//lib/libopencm3_stm32f1.a(timer_common_all.o)
timer_enable_break_automatic_output               ./libopencm3//lib/libopencm3_stm32f1.a(timer_common_all.o)
timer_enable_break_main_output                    ./libopencm3//lib/libopencm3_stm32f1.a(timer_common_all.o)
timer_enable_compare_control_update_on_trigger    ./libopencm3//lib/libopencm3_stm32f1.a(timer_common_all.o)
timer_enable_counter                              ./libopencm3//lib/libopencm3_stm32f1.a(timer_common_all.o)
                                                  main.o
timer_enable_irq                                  ./libopencm3//lib/libopencm3_stm32f1.a(timer_common_all.o)
                                                  main.o
timer_enable_oc_clear                             ./libopencm3//lib/libopencm3_stm32f1.a(timer_common_all.o)
timer_enable_oc_output                            ./libopencm3//lib/libopencm3_stm32f1.a(timer_common_all.o)
timer_enable_oc_preload                           ./libopencm3//lib/libopencm3_stm32f1.a(timer_common_all.o)
timer_enable_preload                              ./libopencm3//lib/libopencm3_stm32f1.a(timer_common_all.o)
timer_enable_preload_complementry_enable_bits     ./libopencm3//lib/libopencm3_stm32f1.a(timer_common_all.o)
timer_enable_update_event                         ./libopencm3//lib/libopencm3_stm32f1.a(timer_common_all.o)
timer_generate_event                              ./libopencm3//lib/libopencm3_stm32f1.a(timer_common_all.o)
timer_get_counter                                 ./libopencm3//lib/libopencm3_stm32f1.a(timer_common_all.o)
                                                  main.o
timer_get_flag                                    ./libopencm3//lib/libopencm3_stm32f1.a(timer_common_all.o)
                                                  main.o
timer_ic_disable                                  ./libopencm3//lib/libopencm3_stm32f1.a(timer_common_all.o)
timer_ic_enable                                   ./libopencm3//lib/libopencm3_stm32f1.a(timer_common_all.o)
timer_ic_set_filter                               ./libopencm3//lib/libopencm3_stm32f1.a(timer_common_all.o)
timer_ic_set_input                                ./libopencm3//lib/libopencm3_stm32f1.a(timer_common_all.o)
timer_ic_set_prescaler                            ./libopencm3//lib/libopencm3_stm32f1.a(timer_common_all.o)
timer_interrupt_source                            ./libopencm3//lib/libopencm3_stm32f1.a(timer_common_all.o)
timer_one_shot_mode                               ./libopencm3//lib/libopencm3_stm32f1.a(timer_common_all.o)
timer_reset_output_idle_state                     ./libopencm3//lib/libopencm3_stm32f1.a(timer_common_all.o)
timer_set_alignment                               ./libopencm3//lib/libopencm3_stm32f1.a(timer_common_all.o)
timer_set_break_lock                              ./libopencm3//lib/libopencm3_stm32f1.a(timer_common_all.o)
timer_set_break_polarity_high                     ./libopencm3//lib/libopencm3_stm32f1.a(timer_common_all.o)
timer_set_break_polarity_low                      ./libopencm3//lib/libopencm3_stm32f1.a(timer_common_all.o)
timer_set_clock_division                          ./libopencm3//lib/libopencm3_stm32f1.a(timer_common_all.o)
timer_set_counter                                 ./libopencm3//lib/libopencm3_stm32f1.a(timer_common_all.o)
timer_set_deadtime                                ./libopencm3//lib/libopencm3_stm32f1.a(timer_common_all.o)
timer_set_disabled_off_state_in_idle_mode         ./libopencm3//lib/libopencm3_stm32f1.a(timer_common_all.o)
timer_set_disabled_off_state_in_run_mode          ./libopencm3//lib/libopencm3_stm32f1.a(timer_common_all.o)
timer_set_dma_on_compare_event                    ./libopencm3//lib/libopencm3_stm32f1.a(timer_common_all.o)
timer_set_dma_on_update_event                     ./libopencm3//lib/libopencm3_stm32f1.a(timer_common_all.o)
timer_set_enabled_off_state_in_idle_mode          ./libopencm3//lib/libopencm3_stm32f1.a(timer_common_all.o)
timer_set_enabled_off_state_in_run_mode           ./libopencm3//lib/libopencm3_stm32f1.a(timer_common_all.o)
timer_set_master_mode                             ./libopencm3//lib/libopencm3_stm32f1.a(timer_common_all.o)
timer_set_mode                                    ./libopencm3//lib/libopencm3_stm32f1.a(timer_common_all.o)
                                                  main.o
timer_set_oc_fast_mode                            ./libopencm3//lib/libopencm3_stm32f1.a(timer_common_all.o)
timer_set_oc_idle_state_set                       ./libopencm3//lib/libopencm3_stm32f1.a(timer_common_all.o)
timer_set_oc_idle_state_unset                     ./libopencm3//lib/libopencm3_stm32f1.a(timer_common_all.o)
timer_set_oc_mode                                 ./libopencm3//lib/libopencm3_stm32f1.a(timer_common_all.o)
timer_set_oc_polarity_high                        ./libopencm3//lib/libopencm3_stm32f1.a(timer_common_all.o)
timer_set_oc_polarity_low                         ./libopencm3//lib/libopencm3_stm32f1.a(timer_common_all.o)
timer_set_oc_slow_mode                            ./libopencm3//lib/libopencm3_stm32f1.a(timer_common_all.o)
timer_set_oc_value                                ./libopencm3//lib/libopencm3_stm32f1.a(timer_common_all.o)
                                                  main.o
timer_set_output_idle_state                       ./libopencm3//lib/libopencm3_stm32f1.a(timer_common_all.o)
timer_set_period                                  ./libopencm3//lib/libopencm3_stm32f1.a(timer_common_all.o)
                                                  main.o
timer_set_prescaler                               ./libopencm3//lib/libopencm3_stm32f1.a(timer_common_all.o)
                                                  main.o
timer_set_repetition_counter                      ./libopencm3//lib/libopencm3_stm32f1.a(timer_common_all.o)
timer_set_ti1_ch1                                 ./libopencm3//lib/libopencm3_stm32f1.a(timer_common_all.o)
timer_set_ti1_ch123_xor                           ./libopencm3//lib/libopencm3_stm32f1.a(timer_common_all.o)
timer_slave_set_filter                            ./libopencm3//lib/libopencm3_stm32f1.a(timer_common_all.o)
timer_slave_set_mode                              ./libopencm3//lib/libopencm3_stm32f1.a(timer_common_all.o)
timer_slave_set_polarity                          ./libopencm3//lib/libopencm3_stm32f1.a(timer_common_all.o)
timer_slave_set_prescaler                         ./libopencm3//lib/libopencm3_stm32f1.a(timer_common_all.o)
timer_slave_set_trigger                           ./libopencm3//lib/libopencm3_stm32f1.a(timer_common_all.o)
timer_update_on_any                               ./libopencm3//lib/libopencm3_stm32f1.a(timer_common_all.o)
timer_update_on_overflow                          ./libopencm3//lib/libopencm3_stm32f1.a(timer_common_all.o)
uart4_isr                                         ./libopencm3//lib/libopencm3_stm32f1.a(vector.o)
uart5_isr                                         ./libopencm3//lib/libopencm3_stm32f1.a(vector.o)
usage_fault_handler                               ./libopencm3//lib/libopencm3_stm32f1.a(vector.o)
usart1_isr                                        ./libopencm3//lib/libopencm3_stm32f1.a(vector.o)
usart2_isr                                        ./libopencm3//lib/libopencm3_stm32f1.a(vector.o)
usart3_isr                                        ./libopencm3//lib/libopencm3_stm32f1.a(vector.o)
usb_hp_can_tx_isr                                 ./libopencm3//lib/libopencm3_stm32f1.a(vector.o)
usb_lp_can_rx0_isr                                ./libopencm3//lib/libopencm3_stm32f1.a(vector.o)
usb_wakeup_isr                                    ./libopencm3//lib/libopencm3_stm32f1.a(vector.o)
vector_table                                      ./libopencm3//lib/libopencm3_stm32f1.a(vector.o)
wwdg_isr                                          ./libopencm3//lib/libopencm3_stm32f1.a(vector.o)
